2025-12-07T10:54:56.740269+05:00 ubu24-tst systemd[1]: logrotate.service: Deactivated successfully.
2025-12-07T10:54:56.743683+05:00 ubu24-tst systemd[1]: Finished logrotate.service - Rotate log files.
2025-12-07T10:54:57.063988+05:00 ubu24-tst systemd[1]: man-db.service: Deactivated successfully.
2025-12-07T10:54:57.064326+05:00 ubu24-tst systemd[1]: Finished man-db.service - Daily man-db regeneration.
2025-12-07T10:54:57.064628+05:00 ubu24-tst systemd[1]: man-db.service: Consumed 1.505s CPU time.
2025-12-07T10:54:58.859770+05:00 ubu24-tst systemd[1]: esm-cache.service: Deactivated successfully.
2025-12-07T10:54:58.875491+05:00 ubu24-tst systemd[1]: Finished esm-cache.service - Update the local ESM caches.
2025-12-07T10:54:58.875890+05:00 ubu24-tst systemd[1]: esm-cache.service: Consumed 2.052s CPU time.
2025-12-07T10:54:59.484616+05:00 ubu24-tst dbus-daemon[907]: [system] Activating via systemd: service name='org.freedesktop.PackageKit' unit='packagekit.service' requested by ':1.241' (uid=0 pid=17324 comm="/usr/bin/gdbus call --system --dest org.freedeskto" label="unconfined")
2025-12-07T10:54:59.519144+05:00 ubu24-tst systemd[1]: Starting packagekit.service - PackageKit Daemon...
2025-12-07T10:54:59.628885+05:00 ubu24-tst PackageKit: daemon start
2025-12-07T10:54:59.869935+05:00 ubu24-tst dbus-daemon[907]: [system] Successfully activated service 'org.freedesktop.PackageKit'
2025-12-07T10:54:59.878825+05:00 ubu24-tst systemd[1]: Started packagekit.service - PackageKit Daemon.
2025-12-07T10:55:00.632957+05:00 ubu24-tst fwupdmgr[16701]: Successfully downloaded new metadata: 0 local devices supported
2025-12-07T10:55:00.642380+05:00 ubu24-tst systemd[1]: fwupd-refresh.service: Deactivated successfully.
2025-12-07T10:55:00.644193+05:00 ubu24-tst systemd[1]: Finished fwupd-refresh.service - Refresh fwupd metadata and update motd.
2025-12-07T10:55:00.645301+05:00 ubu24-tst systemd[1]: fwupd-refresh.service: Consumed 1.516s CPU time.
2025-12-07T10:55:03.881360+05:00 ubu24-tst CRON[17389]: (root) CMD (command -v debian-sa1 > /dev/null && debian-sa1 1 1)
2025-12-07T10:55:24.985821+05:00 ubu24-tst systemd[1]: apt-daily.service: Deactivated successfully.
2025-12-07T10:55:24.988244+05:00 ubu24-tst systemd[1]: Finished apt-daily.service - Daily apt download activities.
2025-12-07T10:55:24.988446+05:00 ubu24-tst systemd[1]: apt-daily.service: Consumed 30.921s CPU time.
2025-12-07T10:55:24.997690+05:00 ubu24-tst systemd[1]: Starting apt-daily-upgrade.service - Daily apt upgrade and clean activities...
2025-12-07T10:55:30.146529+05:00 ubu24-tst systemd[1]: apt-daily-upgrade.service: Deactivated successfully.
2025-12-07T10:55:30.146806+05:00 ubu24-tst systemd[1]: Finished apt-daily-upgrade.service - Daily apt upgrade and clean activities.
2025-12-07T10:55:30.148198+05:00 ubu24-tst systemd[1]: apt-daily-upgrade.service: Consumed 5.079s CPU time.
2025-12-07T10:59:08.940980+05:00 ubu24-tst snapd[5569]: storehelpers.go:916: cannot refresh: snap has no updates available: "bare", "core22", "firefox", "firmware-updater", "gnome-42-2204", "gtk-common-themes", "snap-store", "snapd", "snapd-desktop-integration"
2025-12-07T10:59:46.145756+05:00 ubu24-tst anacron[16694]: Job `cron.daily' started
2025-12-07T10:59:46.157523+05:00 ubu24-tst anacron[17699]: Updated timestamp for job `cron.daily' to 2025-12-07
2025-12-07T10:59:46.175137+05:00 ubu24-tst anacron[16694]: Job `cron.daily' terminated
2025-12-07T10:59:46.175287+05:00 ubu24-tst anacron[16694]: Normal exit (1 job run)
2025-12-07T10:59:46.177985+05:00 ubu24-tst systemd[1]: anacron.service: Deactivated successfully.
2025-12-07T11:00:04.760088+05:00 ubu24-tst PackageKit: daemon quit
2025-12-07T11:00:04.772943+05:00 ubu24-tst systemd[1]: Starting sysstat-collect.service - system activity accounting tool...
2025-12-07T11:00:04.773269+05:00 ubu24-tst systemd[1]: packagekit.service: Deactivated successfully.
2025-12-07T11:00:04.788333+05:00 ubu24-tst systemd[1]: sysstat-collect.service: Deactivated successfully.
2025-12-07T11:00:04.788528+05:00 ubu24-tst systemd[1]: Finished sysstat-collect.service - system activity accounting tool.
2025-12-07T11:05:01.900715+05:00 ubu24-tst CRON[17717]: (root) CMD (command -v debian-sa1 > /dev/null && debian-sa1 1 1)
2025-12-07T11:10:11.304276+05:00 ubu24-tst systemd[1]: Starting sysstat-collect.service - system activity accounting tool...
2025-12-07T11:10:11.311813+05:00 ubu24-tst systemd[1]: sysstat-collect.service: Deactivated successfully.
2025-12-07T11:10:11.312317+05:00 ubu24-tst systemd[1]: Finished sysstat-collect.service - system activity accounting tool.
2025-12-07T11:10:45.437843+05:00 ubu24-tst gnome-shell[2475]: Cursor update failed: drmModeAtomicCommit: Недопустимый аргумент
2025-12-07T11:10:45.463333+05:00 ubu24-tst rtkit-daemon[1700]: Successfully made thread 2507 of process 2475 owned by '1000' high priority at nice level 0.
2025-12-07T11:10:45.463606+05:00 ubu24-tst rtkit-daemon[1700]: Supervising 1 threads of 1 processes of 1 users.
2025-12-07T11:10:45.467887+05:00 ubu24-tst rtkit-daemon[1700]: Supervising 0 threads of 0 processes of 1 users.
2025-12-07T11:10:45.468674+05:00 ubu24-tst rtkit-daemon[1700]: Supervising 0 threads of 0 processes of 1 users.
2025-12-07T11:10:45.473165+05:00 ubu24-tst rtkit-daemon[1700]: Successfully made thread 2507 of process 2475 owned by '1000' RT at priority 20.
2025-12-07T11:10:45.473608+05:00 ubu24-tst rtkit-daemon[1700]: Supervising 1 threads of 1 processes of 1 users.
2025-12-07T11:10:46.404231+05:00 ubu24-tst dbus-daemon[907]: [system] Activating via systemd: service name='net.reactivated.Fprint' unit='fprintd.service' requested by ':1.82' (uid=1000 pid=2475 comm="/usr/bin/gnome-shell" label="unconfined")
2025-12-07T11:10:46.425490+05:00 ubu24-tst systemd[1]: Starting fprintd.service - Fingerprint Authentication Daemon...
2025-12-07T11:10:46.579563+05:00 ubu24-tst dbus-daemon[907]: [system] Successfully activated service 'net.reactivated.Fprint'
2025-12-07T11:10:46.580807+05:00 ubu24-tst systemd[1]: Started fprintd.service - Fingerprint Authentication Daemon.
2025-12-07T11:10:57.368056+05:00 ubu24-tst dbus-daemon[2272]: [session uid=1000 pid=2272] Activating service name='org.freedesktop.FileManager1' requested by ':1.31' (uid=1000 pid=2475 comm="/usr/bin/gnome-shell" label="unconfined")
2025-12-07T11:10:57.884979+05:00 ubu24-tst nautilus[17757]: Connecting to org.freedesktop.Tracker3.Miner.Files
2025-12-07T11:10:57.888756+05:00 ubu24-tst dbus-daemon[2272]: [session uid=1000 pid=2272] Successfully activated service 'org.freedesktop.FileManager1'
2025-12-07T11:10:57.923368+05:00 ubu24-tst gnome-shell[2475]: Launching DING process
2025-12-07T11:10:57.930791+05:00 ubu24-tst NetworkManager[6890]: <info>  [1765087857.9303] agent-manager: agent[038b336377f8471c,:1.82/org.gnome.Shell.NetworkAgent/1000]: agent registered
2025-12-07T11:10:59.134437+05:00 ubu24-tst gnome-shell[2475]: Window manager warning: Overwriting existing binding of keysym 31 with keysym 31 (keycode a).
2025-12-07T11:10:59.134692+05:00 ubu24-tst gnome-shell[2475]: Window manager warning: Overwriting existing binding of keysym 32 with keysym 32 (keycode b).
2025-12-07T11:10:59.135243+05:00 ubu24-tst gnome-shell[2475]: Window manager warning: Overwriting existing binding of keysym 33 with keysym 33 (keycode c).
2025-12-07T11:10:59.135311+05:00 ubu24-tst gnome-shell[2475]: Window manager warning: Overwriting existing binding of keysym 34 with keysym 34 (keycode d).
2025-12-07T11:10:59.135469+05:00 ubu24-tst gnome-shell[2475]: Window manager warning: Overwriting existing binding of keysym 35 with keysym 35 (keycode e).
2025-12-07T11:10:59.135507+05:00 ubu24-tst gnome-shell[2475]: Window manager warning: Overwriting existing binding of keysym 31 with keysym 31 (keycode a).
2025-12-07T11:10:59.135546+05:00 ubu24-tst gnome-shell[2475]: Window manager warning: Overwriting existing binding of keysym 36 with keysym 36 (keycode f).
2025-12-07T11:10:59.135578+05:00 ubu24-tst gnome-shell[2475]: Window manager warning: Overwriting existing binding of keysym 32 with keysym 32 (keycode b).
2025-12-07T11:10:59.135603+05:00 ubu24-tst gnome-shell[2475]: Window manager warning: Overwriting existing binding of keysym 33 with keysym 33 (keycode c).
2025-12-07T11:10:59.135628+05:00 ubu24-tst gnome-shell[2475]: Window manager warning: Overwriting existing binding of keysym 38 with keysym 38 (keycode 11).
2025-12-07T11:10:59.135659+05:00 ubu24-tst gnome-shell[2475]: Window manager warning: Overwriting existing binding of keysym 34 with keysym 34 (keycode d).
2025-12-07T11:10:59.135684+05:00 ubu24-tst gnome-shell[2475]: Window manager warning: Overwriting existing binding of keysym 38 with keysym 38 (keycode 11).
2025-12-07T11:10:59.135709+05:00 ubu24-tst gnome-shell[2475]: Window manager warning: Overwriting existing binding of keysym 39 with keysym 39 (keycode 12).
2025-12-07T11:10:59.135740+05:00 ubu24-tst gnome-shell[2475]: Window manager warning: Overwriting existing binding of keysym 36 with keysym 36 (keycode f).
2025-12-07T11:10:59.135772+05:00 ubu24-tst gnome-shell[2475]: Window manager warning: Overwriting existing binding of keysym 37 with keysym 37 (keycode 10).
2025-12-07T11:10:59.135803+05:00 ubu24-tst gnome-shell[2475]: Window manager warning: Overwriting existing binding of keysym 35 with keysym 35 (keycode e).
2025-12-07T11:10:59.135827+05:00 ubu24-tst gnome-shell[2475]: Window manager warning: Overwriting existing binding of keysym 37 with keysym 37 (keycode 10).
2025-12-07T11:10:59.135851+05:00 ubu24-tst gnome-shell[2475]: Window manager warning: Overwriting existing binding of keysym 39 with keysym 39 (keycode 12).
2025-12-07T11:10:59.326247+05:00 ubu24-tst gnome-shell[2475]: DING: Detected async api for thumbnails
2025-12-07T11:10:59.523593+05:00 ubu24-tst gnome-shell[2475]: DING: (gjs:17773): Gjs-WARNING **: 11:10:59.520: GLib.unix_signal_add has been moved to a separate platform-specific library. Please update your code to use GLibUnix.signal_add instead.
2025-12-07T11:10:59.525656+05:00 ubu24-tst gnome-shell[2475]: DING: 0 DesktopManager() ["/usr/share/gnome-shell/extensions/ding@rastersoft.com/app/desktopManager.js":264:12]
2025-12-07T11:10:59.526687+05:00 ubu24-tst gnome-shell[2475]: DING: 1 anonymous() ["/usr/share/gnome-shell/extensions/ding@rastersoft.com/app/ding.js":180:25]
2025-12-07T11:10:59.526788+05:00 ubu24-tst gnome-shell[2475]: DING: 2 anonymous() ["/usr/share/gnome-shell/extensions/ding@rastersoft.com/app/ding.js":197:20]
2025-12-07T11:10:59.526835+05:00 ubu24-tst gnome-shell[2475]: DING: 3 <TOP LEVEL> ["/usr/share/gnome-shell/extensions/ding@rastersoft.com/app/ding.js":206:12]
2025-12-07T11:10:59.697826+05:00 ubu24-tst gnome-shell[2475]: DING: ** Message: 11:10:59.653: Connecting to org.freedesktop.Tracker3.Miner.Files
2025-12-07T11:10:59.704197+05:00 ubu24-tst gnome-shell[2475]: DING: DBus interface for Switcheroo control (net.hadess.SwitcherooControl) is now available.
2025-12-07T11:10:59.704757+05:00 ubu24-tst gnome-shell[2475]: DING: DBus interface for Gvfs daemon (org.gtk.vfs.Metadata) is now available.
2025-12-07T11:10:59.706478+05:00 ubu24-tst gnome-shell[2475]: DING: DBus interface for Nautilus (org.gnome.Nautilus.FileOperations2) is now available.
2025-12-07T11:10:59.708489+05:00 ubu24-tst gnome-shell[2475]: DING: DBus interface for Nautilus (org.freedesktop.FileManager1) is now available.
2025-12-07T11:10:59.708845+05:00 ubu24-tst gnome-shell[2475]: DING: GNOME nautilus 46.4
2025-12-07T11:10:59.723139+05:00 ubu24-tst gnome-shell[2475]: Received notification for window. 0 notifications remaining.
2025-12-07T11:11:02.799455+05:00 ubu24-tst systemd[1]: unattended-upgrades.service: Deactivated successfully.
2025-12-07T11:11:02.847254+05:00 ubu24-tst systemd[1]: Stopping session-2.scope - Session 2 of User hypermode...
2025-12-07T11:11:02.852384+05:00 ubu24-tst systemd[1]: Removed slice system-getty.slice - Slice /system/getty.
2025-12-07T11:11:02.852521+05:00 ubu24-tst systemd[1]: Removed slice system-modprobe.slice - Slice /system/modprobe.
2025-12-07T11:11:02.852584+05:00 ubu24-tst systemd[1]: Stopped target getty-pre.target - Preparation for Logins.
2025-12-07T11:11:02.852643+05:00 ubu24-tst systemd[1]: Stopped target graphical.target - Graphical Interface.
2025-12-07T11:11:02.853211+05:00 ubu24-tst systemd[2236]: Stopped target gnome-session-wayland@ubuntu.target - GNOME Wayland Session (session: ubuntu).
2025-12-07T11:11:02.853342+05:00 ubu24-tst systemd[2236]: Stopping gnome-terminal-server.service - GNOME Terminal Server...
2025-12-07T11:11:02.854340+05:00 ubu24-tst systemd[2236]: Stopping gvfs-afc-volume-monitor.service - Virtual filesystem service - Apple File Conduit monitor...
2025-12-07T11:11:02.855199+05:00 ubu24-tst systemd[2236]: Stopping gvfs-daemon.service - Virtual filesystem service...
2025-12-07T11:11:02.856942+05:00 ubu24-tst systemd[1]: Stopped target multi-user.target - Multi-User System.
2025-12-07T11:11:02.857132+05:00 ubu24-tst systemd[2236]: Stopping gvfs-goa-volume-monitor.service - Virtual filesystem service - GNOME Online Accounts monitor...
2025-12-07T11:11:02.857261+05:00 ubu24-tst systemd[1]: Stopped target getty.target - Login Prompts.
2025-12-07T11:11:02.857369+05:00 ubu24-tst systemd[1]: Stopped target sound.target - Sound Card.
2025-12-07T11:11:02.857572+05:00 ubu24-tst systemd[2236]: Stopping gvfs-gphoto2-volume-monitor.service - Virtual filesystem service - digital camera monitor...
2025-12-07T11:11:02.857701+05:00 ubu24-tst systemd[1]: Stopped target timers.target - Timer Units.
2025-12-07T11:11:02.859833+05:00 ubu24-tst systemd[1]: anacron.timer: Deactivated successfully.
2025-12-07T11:11:02.859985+05:00 ubu24-tst systemd[1]: Stopped anacron.timer - Trigger anacron every hour.
2025-12-07T11:11:02.860108+05:00 ubu24-tst systemd[1]: apt-daily-upgrade.timer: Deactivated successfully.
2025-12-07T11:11:02.860198+05:00 ubu24-tst systemd[1]: Stopped apt-daily-upgrade.timer - Daily apt upgrade and clean activities.
2025-12-07T11:11:02.860286+05:00 ubu24-tst systemd[1]: apt-daily.timer: Deactivated successfully.
2025-12-07T11:11:02.860357+05:00 ubu24-tst systemd[1]: Stopped apt-daily.timer - Daily apt download activities.
2025-12-07T11:11:02.860455+05:00 ubu24-tst systemd[1]: atop-rotate.timer: Deactivated successfully.
2025-12-07T11:11:02.860576+05:00 ubu24-tst systemd[1]: Stopped atop-rotate.timer - Daily atop restart.
2025-12-07T11:11:02.861097+05:00 ubu24-tst systemd[1]: dpkg-db-backup.timer: Deactivated successfully.
2025-12-07T11:11:02.861239+05:00 ubu24-tst systemd[1]: Stopped dpkg-db-backup.timer - Daily dpkg database backup timer.
2025-12-07T11:11:02.861323+05:00 ubu24-tst systemd[1]: e2scrub_all.timer: Deactivated successfully.
2025-12-07T11:11:02.861730+05:00 ubu24-tst systemd[1]: Stopped e2scrub_all.timer - Periodic ext4 Online Metadata Check for All Filesystems.
2025-12-07T11:11:02.864136+05:00 ubu24-tst systemd[1]: fstrim.timer: Deactivated successfully.
2025-12-07T11:11:02.864351+05:00 ubu24-tst systemd[1]: Stopped fstrim.timer - Discard unused filesystem blocks once a week.
2025-12-07T11:11:02.864525+05:00 ubu24-tst systemd[1]: fwupd-refresh.timer: Deactivated successfully.
2025-12-07T11:11:02.864623+05:00 ubu24-tst systemd[1]: Stopped fwupd-refresh.timer - Refresh fwupd metadata regularly.
2025-12-07T11:11:02.864700+05:00 ubu24-tst systemd[1]: logrotate.timer: Deactivated successfully.
2025-12-07T11:11:02.864795+05:00 ubu24-tst systemd[1]: Stopped logrotate.timer - Daily rotation of log files.
2025-12-07T11:11:02.864924+05:00 ubu24-tst systemd[1]: man-db.timer: Deactivated successfully.
2025-12-07T11:11:02.865023+05:00 ubu24-tst systemd[1]: Stopped man-db.timer - Daily man-db regeneration.
2025-12-07T11:11:02.865153+05:00 ubu24-tst systemd[1]: motd-news.timer: Deactivated successfully.
2025-12-07T11:11:02.865236+05:00 ubu24-tst systemd[1]: Stopped motd-news.timer - Message of the Day.
2025-12-07T11:11:02.865316+05:00 ubu24-tst systemd[1]: sysstat-collect.timer: Deactivated successfully.
2025-12-07T11:11:02.865423+05:00 ubu24-tst systemd[1]: Stopped sysstat-collect.timer - Run system activity accounting tool every 10 minutes.
2025-12-07T11:11:02.865506+05:00 ubu24-tst systemd[1]: sysstat-summary.timer: Deactivated successfully.
2025-12-07T11:11:02.865582+05:00 ubu24-tst systemd[1]: Stopped sysstat-summary.timer - Generate summary of yesterday's process accounting.
2025-12-07T11:11:02.865675+05:00 ubu24-tst systemd[1]: systemd-tmpfiles-clean.timer: Deactivated successfully.
2025-12-07T11:11:02.865754+05:00 ubu24-tst systemd[1]: Stopped systemd-tmpfiles-clean.timer - Daily Cleanup of Temporary Directories.
2025-12-07T11:11:02.866886+05:00 ubu24-tst systemd[1]: update-notifier-download.timer: Deactivated successfully.
2025-12-07T11:11:02.867127+05:00 ubu24-tst systemd[1]: Stopped update-notifier-download.timer - Download data for packages that failed at package install time.
2025-12-07T11:11:02.867302+05:00 ubu24-tst systemd[1]: update-notifier-motd.timer: Deactivated successfully.
2025-12-07T11:11:02.867540+05:00 ubu24-tst systemd[1]: Stopped update-notifier-motd.timer - Check to see whether there is a new version of Ubuntu available.
2025-12-07T11:11:02.867814+05:00 ubu24-tst systemd[1]: lvm2-lvmpolld.socket: Deactivated successfully.
2025-12-07T11:11:02.868186+05:00 ubu24-tst systemd[1]: Closed lvm2-lvmpolld.socket - LVM2 poll daemon socket.
2025-12-07T11:11:02.868900+05:00 ubu24-tst systemd[1]: systemd-rfkill.socket: Deactivated successfully.
2025-12-07T11:11:02.869160+05:00 ubu24-tst systemd[1]: Closed systemd-rfkill.socket - Load/Save RF Kill Switch Status /dev/rfkill Watch.
2025-12-07T11:11:02.870432+05:00 ubu24-tst systemd[1]: Stopping ModemManager.service - Modem Manager...
2025-12-07T11:11:02.872850+05:00 ubu24-tst systemd[1]: Stopping accounts-daemon.service - Accounts Service...
2025-12-07T11:11:02.883530+05:00 ubu24-tst systemd[1]: Stopping alsa-restore.service - Save/Restore Sound Card State...
2025-12-07T11:11:02.884938+05:00 ubu24-tst nautilus[17757]: Owner of volume monitor org.gtk.vfs.GoaVolumeMonitor disconnected from the bus; removing drives/volumes/mounts
2025-12-07T11:11:02.886465+05:00 ubu24-tst systemd[1]: Stopping apache2.service - The Apache HTTP Server...
2025-12-07T11:11:02.890335+05:00 ubu24-tst ModemManager[1055]: <msg> caught signal, shutting down...
2025-12-07T11:11:02.900152+05:00 ubu24-tst systemd[1]: Stopping apport.service - automatic crash report generation...
2025-12-07T11:11:02.900272+05:00 ubu24-tst systemd[1]: Stopping atop.service - Atop advanced performance monitor...
2025-12-07T11:11:02.901327+05:00 ubu24-tst gdm3: Gdm: on_display_added: assertion 'GDM_IS_REMOTE_DISPLAY (display)' failed
2025-12-07T11:11:02.993393+05:00 ubu24-tst kernel: rfkill: input handler enabled
2025-12-07T11:11:19.917871+05:00 ubu24-tst lvm[281]:   1 logical volume(s) in volume group "vg1" monitored
2025-12-07T11:11:19.921933+05:00 ubu24-tst systemd[1]: modprobe@drm.service: Deactivated successfully.
2025-12-07T11:11:19.921968+05:00 ubu24-tst systemd[1]: Finished modprobe@drm.service - Load Kernel Module drm.
2025-12-07T11:11:19.921979+05:00 ubu24-tst systemd[1]: modprobe@efi_pstore.service: Deactivated successfully.
2025-12-07T11:11:19.921989+05:00 ubu24-tst systemd[1]: Finished modprobe@efi_pstore.service - Load Kernel Module efi_pstore.
2025-12-07T11:11:19.921997+05:00 ubu24-tst systemd[1]: modprobe@fuse.service: Deactivated successfully.
2025-12-07T11:11:19.922006+05:00 ubu24-tst systemd[1]: Finished modprobe@fuse.service - Load Kernel Module fuse.
2025-12-07T11:11:19.922015+05:00 ubu24-tst systemd[1]: Finished lvm2-monitor.service - Monitoring of LVM2 mirrors, snapshots etc. using dmeventd or progress polling.
2025-12-07T11:11:19.922080+05:00 ubu24-tst systemd[1]: modprobe@loop.service: Deactivated successfully.
2025-12-07T11:11:19.922094+05:00 ubu24-tst systemd[1]: Finished modprobe@loop.service - Load Kernel Module loop.
2025-12-07T11:11:19.922105+05:00 ubu24-tst systemd[1]: Finished systemd-remount-fs.service - Remount Root and Kernel File Systems.
2025-12-07T11:11:19.922115+05:00 ubu24-tst systemd-modules-load[298]: Inserted module 'lp'
2025-12-07T11:11:19.922126+05:00 ubu24-tst systemd-modules-load[298]: Inserted module 'ppdev'
2025-12-07T11:11:19.922134+05:00 ubu24-tst systemd-modules-load[298]: Inserted module 'parport_pc'
2025-12-07T11:11:19.922152+05:00 ubu24-tst systemd[1]: Activating swap swap.img.swap - /swap.img...
2025-12-07T11:11:19.922162+05:00 ubu24-tst systemd-modules-load[298]: Inserted module 'msr'
2025-12-07T11:11:19.922175+05:00 ubu24-tst systemd[1]: Mounting sys-fs-fuse-connections.mount - FUSE Control File System...
2025-12-07T11:11:19.922185+05:00 ubu24-tst systemd[1]: Mounting sys-kernel-config.mount - Kernel Configuration File System...
2025-12-07T11:11:19.922195+05:00 ubu24-tst systemd[1]: systemd-hwdb-update.service - Rebuild Hardware Database was skipped because of an unmet condition check (ConditionNeedsUpdate=/etc).
2025-12-07T11:11:19.922205+05:00 ubu24-tst systemd[1]: Starting systemd-journal-flush.service - Flush Journal to Persistent Storage...
2025-12-07T11:11:19.922223+05:00 ubu24-tst systemd[1]: systemd-pstore.service - Platform Persistent Storage Archival was skipped because of an unmet condition check (ConditionDirectoryNotEmpty=/sys/fs/pstore).
2025-12-07T11:11:19.922233+05:00 ubu24-tst systemd[1]: Starting systemd-random-seed.service - Load/Save OS Random Seed...
2025-12-07T11:11:19.922243+05:00 ubu24-tst systemd[1]: systemd-repart.service - Repartition Root Disk was skipped because no trigger condition checks were met.
2025-12-07T11:11:19.922253+05:00 ubu24-tst systemd[1]: Starting systemd-tmpfiles-setup-dev-early.service - Create Static Device Nodes in /dev gracefully...
2025-12-07T11:11:19.922262+05:00 ubu24-tst systemd[1]: systemd-tpm2-setup.service - TPM2 SRK Setup was skipped because of an unmet condition check (ConditionSecurity=measured-uki).
2025-12-07T11:11:19.922279+05:00 ubu24-tst systemd[1]: Activated swap swap.img.swap - /swap.img.
2025-12-07T11:11:19.922289+05:00 ubu24-tst systemd[1]: Finished keyboard-setup.service - Set the console keyboard layout.
2025-12-07T11:11:19.922299+05:00 ubu24-tst systemd[1]: Finished systemd-modules-load.service - Load Kernel Modules.
2025-12-07T11:11:19.922642+05:00 ubu24-tst kernel: Linux version 6.14.0-36-generic (buildd@lcy02-amd64-067) (x86_64-linux-gnu-gcc-13 (Ubuntu 13.3.0-6ubuntu2~24.04) 13.3.0, GNU ld (GNU Binutils for Ubuntu) 2.42) #36~24.04.1-Ubuntu SMP PREEMPT_DYNAMIC Wed Oct 15 15:45:17 UTC 2 (Ubuntu 6.14.0-36.36~24.04.1-generic 6.14.11)
2025-12-07T11:11:19.922658+05:00 ubu24-tst kernel: Command line: BOOT_IMAGE=/boot/vmlinuz-6.14.0-36-generic root=UUID=f8d4db51-6a0e-4c25-8eea-1b5d8868647c ro quiet splash vt.handoff=7
2025-12-07T11:11:19.922661+05:00 ubu24-tst kernel: KERNEL supported cpus:
2025-12-07T11:11:19.922662+05:00 ubu24-tst kernel:   Intel GenuineIntel
2025-12-07T11:11:19.922664+05:00 ubu24-tst kernel:   AMD AuthenticAMD
2025-12-07T11:11:19.922665+05:00 ubu24-tst kernel:   Hygon HygonGenuine
2025-12-07T11:11:19.922665+05:00 ubu24-tst kernel:   Centaur CentaurHauls
2025-12-07T11:11:19.922673+05:00 ubu24-tst kernel:   zhaoxin   Shanghai  
2025-12-07T11:11:19.922675+05:00 ubu24-tst kernel: BIOS-provided physical RAM map:
2025-12-07T11:11:19.922676+05:00 ubu24-tst kernel: BIOS-e820: [mem 0x0000000000000000-0x000000000009ffff] usable
2025-12-07T11:11:19.922677+05:00 ubu24-tst kernel: BIOS-e820: [mem 0x0000000000100000-0x00000000bdea1fff] usable
2025-12-07T11:11:19.922678+05:00 ubu24-tst kernel: BIOS-e820: [mem 0x00000000bdea2000-0x00000000bdfb5fff] reserved
2025-12-07T11:11:19.922679+05:00 ubu24-tst kernel: BIOS-e820: [mem 0x00000000bdfb6000-0x00000000beaecfff] usable
2025-12-07T11:11:19.926647+05:00 ubu24-tst systemd[1]: Mounted sys-fs-fuse-connections.mount - FUSE Control File System.
2025-12-07T11:11:19.926687+05:00 ubu24-tst systemd[1]: Mounted sys-kernel-config.mount - Kernel Configuration File System.
2025-12-07T11:11:19.926699+05:00 ubu24-tst systemd[1]: Reached target swap.target - Swaps.
2025-12-07T11:11:19.926722+05:00 ubu24-tst systemd[1]: Starting systemd-sysctl.service - Apply Kernel Variables...
2025-12-07T11:11:19.926734+05:00 ubu24-tst systemd[1]: Finished systemd-random-seed.service - Load/Save OS Random Seed.
2025-12-07T11:11:19.926745+05:00 ubu24-tst systemd[1]: Finished systemd-sysctl.service - Apply Kernel Variables.
2025-12-07T11:11:19.926756+05:00 ubu24-tst systemd[1]: Finished systemd-tmpfiles-setup-dev-early.service - Create Static Device Nodes in /dev gracefully.
2025-12-07T11:11:19.926767+05:00 ubu24-tst systemd[1]: systemd-sysusers.service - Create System Users was skipped because no trigger condition checks were met.
2025-12-07T11:11:19.926778+05:00 ubu24-tst systemd[1]: Starting systemd-tmpfiles-setup-dev.service - Create Static Device Nodes in /dev...
2025-12-07T11:11:19.926798+05:00 ubu24-tst systemd[1]: Finished systemd-tmpfiles-setup-dev.service - Create Static Device Nodes in /dev.
2025-12-07T11:11:19.926809+05:00 ubu24-tst systemd[1]: Reached target local-fs-pre.target - Preparation for Local File Systems.
2025-12-07T11:11:19.926821+05:00 ubu24-tst systemd[1]: Mounting snap-bare-5.mount - Mount unit for bare, revision 5...
2025-12-07T11:11:19.926833+05:00 ubu24-tst systemd[1]: Mounting snap-core22-2139.mount - Mount unit for core22, revision 2139...
2025-12-07T11:11:19.926845+05:00 ubu24-tst systemd[1]: Mounting snap-core22-2163.mount - Mount unit for core22, revision 2163...
2025-12-07T11:11:19.926857+05:00 ubu24-tst systemd[1]: Mounting snap-firefox-7177.mount - Mount unit for firefox, revision 7177...
2025-12-07T11:11:19.926876+05:00 ubu24-tst systemd[1]: Mounting snap-firefox-7423.mount - Mount unit for firefox, revision 7423...
2025-12-07T11:11:19.926888+05:00 ubu24-tst systemd[1]: Mounting snap-firmware\x2dupdater-167.mount - Mount unit for firmware-updater, revision 167...
2025-12-07T11:11:19.926899+05:00 ubu24-tst systemd[1]: Mounting snap-firmware\x2dupdater-210.mount - Mount unit for firmware-updater, revision 210...
2025-12-07T11:11:19.926911+05:00 ubu24-tst systemd[1]: Mounting snap-gnome\x2d42\x2d2204-202.mount - Mount unit for gnome-42-2204, revision 202...
2025-12-07T11:11:19.926953+05:00 ubu24-tst systemd[1]: Mounting snap-gnome\x2d42\x2d2204-226.mount - Mount unit for gnome-42-2204, revision 226...
2025-12-07T11:11:19.926977+05:00 ubu24-tst systemd[1]: Mounting snap-gtk\x2dcommon\x2dthemes-1535.mount - Mount unit for gtk-common-themes, revision 1535...
2025-12-07T11:11:19.926988+05:00 ubu24-tst systemd[1]: Mounting snap-snap\x2dstore-1270.mount - Mount unit for snap-store, revision 1270...
2025-12-07T11:11:19.926999+05:00 ubu24-tst systemd[1]: Mounting snap-snapd-25202.mount - Mount unit for snapd, revision 25202...
2025-12-07T11:11:19.927012+05:00 ubu24-tst systemd[1]: Mounting snap-snapd-25577.mount - Mount unit for snapd, revision 25577...
2025-12-07T11:11:19.927023+05:00 ubu24-tst systemd[1]: Mounting snap-snapd\x2ddesktop\x2dintegration-315.mount - Mount unit for snapd-desktop-integration, revision 315...
2025-12-07T11:11:19.927042+05:00 ubu24-tst systemd[1]: Starting systemd-udevd.service - Rule-based Manager for Device Events and Files...
2025-12-07T11:11:19.927055+05:00 ubu24-tst systemd[1]: Finished systemd-udev-trigger.service - Coldplug All udev Devices.
2025-12-07T11:11:19.927071+05:00 ubu24-tst systemd[1]: Finished systemd-journal-flush.service - Flush Journal to Persistent Storage.
2025-12-07T11:11:19.927082+05:00 ubu24-tst systemd[1]: Mounted snap-bare-5.mount - Mount unit for bare, revision 5.
2025-12-07T11:11:19.927094+05:00 ubu24-tst systemd[1]: Mounted snap-core22-2139.mount - Mount unit for core22, revision 2139.
2025-12-07T11:11:19.927105+05:00 ubu24-tst systemd[1]: Mounted snap-core22-2163.mount - Mount unit for core22, revision 2163.
2025-12-07T11:11:19.927123+05:00 ubu24-tst systemd[1]: Mounted snap-firefox-7177.mount - Mount unit for firefox, revision 7177.
2025-12-07T11:11:19.927134+05:00 ubu24-tst systemd[1]: Mounted snap-firefox-7423.mount - Mount unit for firefox, revision 7423.
2025-12-07T11:11:19.927146+05:00 ubu24-tst systemd[1]: Mounted snap-firmware\x2dupdater-167.mount - Mount unit for firmware-updater, revision 167.
2025-12-07T11:11:19.927157+05:00 ubu24-tst systemd[1]: Mounted snap-firmware\x2dupdater-210.mount - Mount unit for firmware-updater, revision 210.
2025-12-07T11:11:19.927167+05:00 ubu24-tst systemd[1]: Mounted snap-gnome\x2d42\x2d2204-202.mount - Mount unit for gnome-42-2204, revision 202.
2025-12-07T11:11:19.927185+05:00 ubu24-tst systemd[1]: Mounted snap-gnome\x2d42\x2d2204-226.mount - Mount unit for gnome-42-2204, revision 226.
2025-12-07T11:11:19.927196+05:00 ubu24-tst systemd[1]: Mounted snap-gtk\x2dcommon\x2dthemes-1535.mount - Mount unit for gtk-common-themes, revision 1535.
2025-12-07T11:11:19.927207+05:00 ubu24-tst systemd[1]: Mounted snap-snap\x2dstore-1270.mount - Mount unit for snap-store, revision 1270.
2025-12-07T11:11:19.927220+05:00 ubu24-tst systemd[1]: Mounted snap-snapd-25202.mount - Mount unit for snapd, revision 25202.
2025-12-07T11:11:19.927231+05:00 ubu24-tst systemd[1]: Mounted snap-snapd-25577.mount - Mount unit for snapd, revision 25577.
2025-12-07T11:11:19.927244+05:00 ubu24-tst kernel: BIOS-e820: [mem 0x00000000beaed000-0x00000000bed6cfff] reserved
2025-12-07T11:11:19.927251+05:00 ubu24-tst kernel: BIOS-e820: [mem 0x00000000bed6d000-0x00000000bed7efff] ACPI data
2025-12-07T11:11:19.927252+05:00 ubu24-tst kernel: BIOS-e820: [mem 0x00000000bed7f000-0x00000000bedfefff] ACPI NVS
2025-12-07T11:11:19.927252+05:00 ubu24-tst kernel: BIOS-e820: [mem 0x00000000bedff000-0x00000000bf12cfff] usable
2025-12-07T11:11:19.927253+05:00 ubu24-tst kernel: BIOS-e820: [mem 0x00000000bf12d000-0x00000000bf130fff] reserved
2025-12-07T11:11:19.927253+05:00 ubu24-tst kernel: BIOS-e820: [mem 0x00000000bf131000-0x00000000bf132fff] ACPI NVS
2025-12-07T11:11:19.927254+05:00 ubu24-tst kernel: BIOS-e820: [mem 0x00000000bf133000-0x00000000bf16dfff] usable
2025-12-07T11:11:19.927243+05:00 ubu24-tst systemd[1]: Mounted snap-snapd\x2ddesktop\x2dintegration-315.mount - Mount unit for snapd-desktop-integration, revision 315.
2025-12-07T11:11:19.927262+05:00 ubu24-tst kernel: BIOS-e820: [mem 0x00000000bf16e000-0x00000000bffeffff] reserved
2025-12-07T11:11:19.927263+05:00 ubu24-tst kernel: BIOS-e820: [mem 0x00000000ffc00000-0x00000000ffffffff] reserved
2025-12-07T11:11:19.927263+05:00 ubu24-tst kernel: NX (Execute Disable) protection: active
2025-12-07T11:11:19.927264+05:00 ubu24-tst kernel: APIC: Static calls initialized
2025-12-07T11:11:19.927264+05:00 ubu24-tst kernel: efi: EFI v2.7 by EDK II
2025-12-07T11:11:19.927265+05:00 ubu24-tst kernel: efi: ACPI=0xbed7e000 ACPI 2.0=0xbed7e014 SMBIOS=0xbedfd000 MOKvar=0xbeb43000 INITRD=0xbd405a18 RNG=0xbed75018 
2025-12-07T11:11:19.927262+05:00 ubu24-tst systemd[1]: Reached target snapd.mounts.target - Mounted snaps.
2025-12-07T11:11:19.927268+05:00 ubu24-tst kernel: random: crng init done
2025-12-07T11:11:19.927273+05:00 ubu24-tst kernel: efi: Remove mem128: MMIO range=[0xffc00000-0xffffffff] (4MB) from e820 map
2025-12-07T11:11:19.927273+05:00 ubu24-tst kernel: e820: remove [mem 0xffc00000-0xffffffff] reserved
2025-12-07T11:11:19.927274+05:00 ubu24-tst kernel: SMBIOS 2.5 present.
2025-12-07T11:11:19.927274+05:00 ubu24-tst kernel: DMI: innotek GmbH VirtualBox/VirtualBox, BIOS VirtualBox 12/01/2006
2025-12-07T11:11:19.927275+05:00 ubu24-tst kernel: DMI: Memory slots populated: 0/0
2025-12-07T11:11:19.927278+05:00 ubu24-tst kernel: secureboot: Secure boot disabled
2025-12-07T11:11:19.927279+05:00 ubu24-tst kernel: Hypervisor detected: KVM
2025-12-07T11:11:19.927279+05:00 ubu24-tst kernel: kvm-clock: Using msrs 4b564d01 and 4b564d00
2025-12-07T11:11:19.927280+05:00 ubu24-tst kernel: kvm-clock: using sched offset of 4501069870 cycles
2025-12-07T11:11:19.927280+05:00 ubu24-tst kernel: clocksource: kvm-clock: mask: 0xffffffffffffffff max_cycles: 0x1cd42e4dffb, max_idle_ns: 881590591483 ns
2025-12-07T11:11:19.927281+05:00 ubu24-tst kernel: tsc: Detected 2893.436 MHz processor
2025-12-07T11:11:19.927283+05:00 ubu24-tst kernel: e820: update [mem 0x00000000-0x00000fff] usable ==> reserved
2025-12-07T11:11:19.927276+05:00 ubu24-tst systemd-udevd[354]: Using default interface naming scheme 'v255'.
2025-12-07T11:11:19.927286+05:00 ubu24-tst kernel: e820: remove [mem 0x000a0000-0x000fffff] usable
2025-12-07T11:11:19.927287+05:00 ubu24-tst kernel: last_pfn = 0xbf16e max_arch_pfn = 0x400000000
2025-12-07T11:11:19.927288+05:00 ubu24-tst kernel: MTRR map: 5 entries (3 fixed + 2 variable; max 35), built from 16 variable MTRRs
2025-12-07T11:11:19.927288+05:00 ubu24-tst kernel: x86/PAT: Configuration [0-7]: WB  WC  UC- UC  WB  WP  UC- WT  
2025-12-07T11:11:19.927289+05:00 ubu24-tst kernel: secureboot: Secure boot disabled
2025-12-07T11:11:19.927289+05:00 ubu24-tst kernel: RAMDISK: [mem 0xb3487000-0xb8195fff]
2025-12-07T11:11:19.927292+05:00 ubu24-tst kernel: ACPI: Early table checksum verification disabled
2025-12-07T11:11:19.927293+05:00 ubu24-tst kernel: ACPI: RSDP 0x00000000BED7E014 000024 (v02 VBOX  )
2025-12-07T11:11:19.927293+05:00 ubu24-tst kernel: ACPI: XSDT 0x00000000BED7D0E8 000044 (v01 VBOX   VBOXFACP 00000001      01000013)
2025-12-07T11:11:19.927295+05:00 ubu24-tst kernel: ACPI: FACP 0x00000000BED79000 0000F4 (v04 VBOX   VBOXFACP 00000001 ASL  00000061)
2025-12-07T11:11:19.927290+05:00 ubu24-tst systemd[1]: Started systemd-udevd.service - Rule-based Manager for Device Events and Files.
2025-12-07T11:11:19.927295+05:00 ubu24-tst kernel: ACPI: DSDT 0x00000000BED7A000 002353 (v02 VBOX   VBOXBIOS 00000002 VBOX 00029BF3)
2025-12-07T11:11:19.927374+05:00 ubu24-tst kernel: ACPI: FACS 0x00000000BEDFE000 000040
2025-12-07T11:11:19.927382+05:00 ubu24-tst kernel: ACPI: APIC 0x00000000BED78000 00005C (v02 VBOX   VBOXAPIC 00000001 ASL  00000061)
2025-12-07T11:11:19.927384+05:00 ubu24-tst kernel: ACPI: SSDT 0x00000000BED77000 000045 (v01 VBOX   VBOXCPUT 00000002 VBOX 00029BF3)
2025-12-07T11:11:19.927385+05:00 ubu24-tst kernel: ACPI: BGRT 0x00000000BED76000 000038 (v01 INTEL  EDK2     00000002      01000013)
2025-12-07T11:11:19.927386+05:00 ubu24-tst kernel: ACPI: Reserving FACP table memory at [mem 0xbed79000-0xbed790f3]
2025-12-07T11:11:19.927421+05:00 ubu24-tst kernel: ACPI: Reserving DSDT table memory at [mem 0xbed7a000-0xbed7c352]
2025-12-07T11:11:19.927422+05:00 ubu24-tst kernel: ACPI: Reserving FACS table memory at [mem 0xbedfe000-0xbedfe03f]
2025-12-07T11:11:19.927423+05:00 ubu24-tst kernel: ACPI: Reserving APIC table memory at [mem 0xbed78000-0xbed7805b]
2025-12-07T11:11:19.927431+05:00 ubu24-tst kernel: ACPI: Reserving SSDT table memory at [mem 0xbed77000-0xbed77044]
2025-12-07T11:11:19.927433+05:00 ubu24-tst kernel: ACPI: Reserving BGRT table memory at [mem 0xbed76000-0xbed76037]
2025-12-07T11:11:19.927434+05:00 ubu24-tst kernel: No NUMA configuration found
2025-12-07T11:11:19.927435+05:00 ubu24-tst kernel: Faking a node at [mem 0x0000000000000000-0x00000000bf16dfff]
2025-12-07T11:11:19.927436+05:00 ubu24-tst kernel: NODE_DATA(0) allocated [mem 0xbf0a5540-0xbf0cffff]
2025-12-07T11:11:19.927437+05:00 ubu24-tst kernel: Zone ranges:
2025-12-07T11:11:19.927443+05:00 ubu24-tst kernel:   DMA      [mem 0x0000000000001000-0x0000000000ffffff]
2025-12-07T11:11:19.927445+05:00 ubu24-tst kernel:   DMA32    [mem 0x0000000001000000-0x00000000bf16dfff]
2025-12-07T11:11:19.927446+05:00 ubu24-tst kernel:   Normal   empty
2025-12-07T11:11:19.927447+05:00 ubu24-tst kernel:   Device   empty
2025-12-07T11:11:19.927448+05:00 ubu24-tst kernel: Movable zone start for each node
2025-12-07T11:11:19.927449+05:00 ubu24-tst kernel: Early memory node ranges
2025-12-07T11:11:19.927450+05:00 ubu24-tst kernel:   node   0: [mem 0x0000000000001000-0x000000000009ffff]
2025-12-07T11:11:19.927456+05:00 ubu24-tst kernel:   node   0: [mem 0x0000000000100000-0x00000000bdea1fff]
2025-12-07T11:11:19.927459+05:00 ubu24-tst kernel:   node   0: [mem 0x00000000bdfb6000-0x00000000beaecfff]
2025-12-07T11:11:19.927460+05:00 ubu24-tst kernel:   node   0: [mem 0x00000000bedff000-0x00000000bf12cfff]
2025-12-07T11:11:19.927461+05:00 ubu24-tst kernel:   node   0: [mem 0x00000000bf133000-0x00000000bf16dfff]
2025-12-07T11:11:19.927462+05:00 ubu24-tst kernel: Initmem setup node 0 [mem 0x0000000000001000-0x00000000bf16dfff]
2025-12-07T11:11:19.927463+05:00 ubu24-tst kernel: On node 0, zone DMA: 1 pages in unavailable ranges
2025-12-07T11:11:19.927469+05:00 ubu24-tst kernel: On node 0, zone DMA: 96 pages in unavailable ranges
2025-12-07T11:11:19.927471+05:00 ubu24-tst kernel: On node 0, zone DMA32: 276 pages in unavailable ranges
2025-12-07T11:11:19.927472+05:00 ubu24-tst kernel: On node 0, zone DMA32: 786 pages in unavailable ranges
2025-12-07T11:11:19.927473+05:00 ubu24-tst kernel: On node 0, zone DMA32: 6 pages in unavailable ranges
2025-12-07T11:11:19.927474+05:00 ubu24-tst kernel: On node 0, zone DMA32: 3730 pages in unavailable ranges
2025-12-07T11:11:19.927475+05:00 ubu24-tst kernel: ACPI: PM-Timer IO Port: 0x4008
2025-12-07T11:11:19.927481+05:00 ubu24-tst kernel: IOAPIC[0]: apic_id 2, version 32, address 0xfec00000, GSI 0-23
2025-12-07T11:11:19.927483+05:00 ubu24-tst kernel: ACPI: INT_SRC_OVR (bus 0 bus_irq 0 global_irq 2 dfl dfl)
2025-12-07T11:11:19.927484+05:00 ubu24-tst kernel: ACPI: INT_SRC_OVR (bus 0 bus_irq 9 global_irq 9 low level)
2025-12-07T11:11:19.927485+05:00 ubu24-tst kernel: ACPI: Using ACPI (MADT) for SMP configuration information
2025-12-07T11:11:19.927486+05:00 ubu24-tst kernel: e820: update [mem 0xbd3c0000-0xbd3e0fff] usable ==> reserved
2025-12-07T11:11:19.927487+05:00 ubu24-tst kernel: CPU topo: Max. logical packages:   1
2025-12-07T11:11:19.927487+05:00 ubu24-tst kernel: CPU topo: Max. logical dies:       1
2025-12-07T11:11:19.927494+05:00 ubu24-tst kernel: CPU topo: Max. dies per package:   1
2025-12-07T11:11:19.927496+05:00 ubu24-tst kernel: CPU topo: Max. threads per core:   1
2025-12-07T11:11:19.927497+05:00 ubu24-tst kernel: CPU topo: Num. cores per package:     2
2025-12-07T11:11:19.927498+05:00 ubu24-tst kernel: CPU topo: Num. threads per package:   2
2025-12-07T11:11:19.927499+05:00 ubu24-tst kernel: CPU topo: Allowing 2 present CPUs plus 0 hotplug CPUs
2025-12-07T11:11:19.927500+05:00 ubu24-tst kernel: PM: hibernation: Registered nosave memory: [mem 0x00000000-0x00000fff]
2025-12-07T11:11:19.927507+05:00 ubu24-tst kernel: PM: hibernation: Registered nosave memory: [mem 0x000a0000-0x000fffff]
2025-12-07T11:11:19.927509+05:00 ubu24-tst kernel: PM: hibernation: Registered nosave memory: [mem 0xbd3c0000-0xbd3e0fff]
2025-12-07T11:11:19.927511+05:00 ubu24-tst kernel: PM: hibernation: Registered nosave memory: [mem 0xbdea2000-0xbdfb5fff]
2025-12-07T11:11:19.927512+05:00 ubu24-tst kernel: PM: hibernation: Registered nosave memory: [mem 0xbeaed000-0xbedfefff]
2025-12-07T11:11:19.927513+05:00 ubu24-tst kernel: PM: hibernation: Registered nosave memory: [mem 0xbf12d000-0xbf132fff]
2025-12-07T11:11:19.927514+05:00 ubu24-tst kernel: [mem 0xbfff0000-0xffffffff] available for PCI devices
2025-12-07T11:11:19.927515+05:00 ubu24-tst kernel: Booting paravirtualized kernel on KVM
2025-12-07T11:11:19.927524+05:00 ubu24-tst kernel: clocksource: refined-jiffies: mask: 0xffffffff max_cycles: 0xffffffff, max_idle_ns: 1910969940391419 ns
2025-12-07T11:11:19.927527+05:00 ubu24-tst kernel: setup_percpu: NR_CPUS:8192 nr_cpumask_bits:2 nr_cpu_ids:2 nr_node_ids:1
2025-12-07T11:11:19.927528+05:00 ubu24-tst kernel: percpu: Embedded 88 pages/cpu s237568 r8192 d114688 u1048576
2025-12-07T11:11:19.927530+05:00 ubu24-tst kernel: pcpu-alloc: s237568 r8192 d114688 u1048576 alloc=1*2097152
2025-12-07T11:11:19.927531+05:00 ubu24-tst kernel: pcpu-alloc: [0] 0 1 
2025-12-07T11:11:19.927532+05:00 ubu24-tst kernel: kvm-guest: PV spinlocks enabled
2025-12-07T11:11:19.927538+05:00 ubu24-tst kernel: PV qspinlock hash table entries: 256 (order: 0, 4096 bytes, linear)
2025-12-07T11:11:19.927654+05:00 ubu24-tst kernel: Kernel command line: BOOT_IMAGE=/boot/vmlinuz-6.14.0-36-generic root=UUID=f8d4db51-6a0e-4c25-8eea-1b5d8868647c ro quiet splash vt.handoff=7
2025-12-07T11:11:19.927657+05:00 ubu24-tst kernel: Unknown kernel command line parameters "splash BOOT_IMAGE=/boot/vmlinuz-6.14.0-36-generic", will be passed to user space.
2025-12-07T11:11:19.927659+05:00 ubu24-tst kernel: printk: log buffer data + meta data: 262144 + 917504 = 1179648 bytes
2025-12-07T11:11:19.927660+05:00 ubu24-tst kernel: Dentry cache hash table entries: 524288 (order: 10, 4194304 bytes, linear)
2025-12-07T11:11:19.927662+05:00 ubu24-tst kernel: Inode-cache hash table entries: 262144 (order: 9, 2097152 bytes, linear)
2025-12-07T11:11:19.927703+05:00 ubu24-tst kernel: Fallback order for Node 0: 0 
2025-12-07T11:11:19.927706+05:00 ubu24-tst kernel: Built 1 zonelists, mobility grouping on.  Total pages: 781537
2025-12-07T11:11:19.927708+05:00 ubu24-tst kernel: Policy zone: DMA32
2025-12-07T11:11:19.927709+05:00 ubu24-tst kernel: mem auto-init: stack:all(zero), heap alloc:on, heap free:off
2025-12-07T11:11:19.927710+05:00 ubu24-tst kernel: SLUB: HWalign=64, Order=0-3, MinObjects=0, CPUs=2, Nodes=1
2025-12-07T11:11:19.927711+05:00 ubu24-tst kernel: Kernel/User page tables isolation: enabled
2025-12-07T11:11:19.927724+05:00 ubu24-tst kernel: ftrace: allocating 60485 entries in 237 pages
2025-12-07T11:11:19.927727+05:00 ubu24-tst kernel: ftrace: allocated 237 pages with 6 groups
2025-12-07T11:11:19.927728+05:00 ubu24-tst kernel: Dynamic Preempt: voluntary
2025-12-07T11:11:19.927730+05:00 ubu24-tst kernel: rcu: Preemptible hierarchical RCU implementation.
2025-12-07T11:11:19.927731+05:00 ubu24-tst kernel: rcu: 	RCU restricting CPUs from NR_CPUS=8192 to nr_cpu_ids=2.
2025-12-07T11:11:19.927732+05:00 ubu24-tst kernel: 	Trampoline variant of Tasks RCU enabled.
2025-12-07T11:11:19.927733+05:00 ubu24-tst kernel: 	Rude variant of Tasks RCU enabled.
2025-12-07T11:11:19.927742+05:00 ubu24-tst kernel: 	Tracing variant of Tasks RCU enabled.
2025-12-07T11:11:19.927745+05:00 ubu24-tst kernel: rcu: RCU calculated value of scheduler-enlistment delay is 100 jiffies.
2025-12-07T11:11:19.927746+05:00 ubu24-tst kernel: rcu: Adjusting geometry for rcu_fanout_leaf=16, nr_cpu_ids=2
2025-12-07T11:11:19.927747+05:00 ubu24-tst kernel: RCU Tasks: Setting shift to 1 and lim to 1 rcu_task_cb_adjust=1 rcu_task_cpu_ids=2.
2025-12-07T11:11:19.927749+05:00 ubu24-tst kernel: RCU Tasks Rude: Setting shift to 1 and lim to 1 rcu_task_cb_adjust=1 rcu_task_cpu_ids=2.
2025-12-07T11:11:19.927750+05:00 ubu24-tst kernel: RCU Tasks Trace: Setting shift to 1 and lim to 1 rcu_task_cb_adjust=1 rcu_task_cpu_ids=2.
2025-12-07T11:11:19.927757+05:00 ubu24-tst kernel: NR_IRQS: 524544, nr_irqs: 440, preallocated irqs: 16
2025-12-07T11:11:19.927759+05:00 ubu24-tst kernel: rcu: srcu_init: Setting srcu_struct sizes based on contention.
2025-12-07T11:11:19.927760+05:00 ubu24-tst kernel: Console: colour dummy device 80x25
2025-12-07T11:11:19.927761+05:00 ubu24-tst kernel: printk: legacy console [tty0] enabled
2025-12-07T11:11:19.927762+05:00 ubu24-tst kernel: ACPI: Core revision 20240827
2025-12-07T11:11:19.927764+05:00 ubu24-tst kernel: APIC: Switch to symmetric I/O mode setup
2025-12-07T11:11:19.927770+05:00 ubu24-tst kernel: x2apic enabled
2025-12-07T11:11:19.927772+05:00 ubu24-tst kernel: APIC: Switched APIC routing to: physical x2apic
2025-12-07T11:11:19.927773+05:00 ubu24-tst kernel: ..TIMER: vector=0x30 apic1=0 pin1=2 apic2=-1 pin2=-1
2025-12-07T11:11:19.927774+05:00 ubu24-tst kernel: clocksource: tsc-early: mask: 0xffffffffffffffff max_cycles: 0x29b50a8eb5a, max_idle_ns: 440795326788 ns
2025-12-07T11:11:19.927775+05:00 ubu24-tst kernel: Calibrating delay loop (skipped) preset value.. 5786.87 BogoMIPS (lpj=2893436)
2025-12-07T11:11:19.927776+05:00 ubu24-tst kernel: Last level iTLB entries: 4KB 512, 2MB 8, 4MB 8
2025-12-07T11:11:19.927778+05:00 ubu24-tst kernel: Last level dTLB entries: 4KB 512, 2MB 32, 4MB 32, 1GB 0
2025-12-07T11:11:19.927784+05:00 ubu24-tst kernel: Spectre V1 : Mitigation: usercopy/swapgs barriers and __user pointer sanitization
2025-12-07T11:11:19.927786+05:00 ubu24-tst kernel: Spectre V2 : Mitigation: Retpolines
2025-12-07T11:11:19.927788+05:00 ubu24-tst kernel: Spectre V2 : Spectre v2 / SpectreRSB: Filling RSB on context switch and VMEXIT
2025-12-07T11:11:19.927789+05:00 ubu24-tst kernel: Speculative Store Bypass: Vulnerable
2025-12-07T11:11:19.927791+05:00 ubu24-tst kernel: MDS: Mitigation: Clear CPU buffers
2025-12-07T11:11:19.927792+05:00 ubu24-tst kernel: MMIO Stale Data: Unknown: No mitigations
2025-12-07T11:11:19.927798+05:00 ubu24-tst kernel: SRBDS: Unknown: Dependent on hypervisor status
2025-12-07T11:11:19.927801+05:00 ubu24-tst kernel: ITS: Mitigation: Aligned branch/return thunks
2025-12-07T11:11:19.927802+05:00 ubu24-tst kernel: x86/fpu: Supporting XSAVE feature 0x001: 'x87 floating point registers'
2025-12-07T11:11:19.927803+05:00 ubu24-tst kernel: x86/fpu: Supporting XSAVE feature 0x002: 'SSE registers'
2025-12-07T11:11:19.927804+05:00 ubu24-tst kernel: x86/fpu: Supporting XSAVE feature 0x004: 'AVX registers'
2025-12-07T11:11:19.927806+05:00 ubu24-tst kernel: x86/fpu: xstate_offset[2]:  576, xstate_sizes[2]:  256
2025-12-07T11:11:19.927813+05:00 ubu24-tst kernel: x86/fpu: Enabled xstate features 0x7, context size is 832 bytes, using 'standard' format.
2025-12-07T11:11:19.927817+05:00 ubu24-tst kernel: Freeing SMP alternatives memory: 48K
2025-12-07T11:11:19.927818+05:00 ubu24-tst kernel: pid_max: default: 32768 minimum: 301
2025-12-07T11:11:19.927819+05:00 ubu24-tst kernel: LSM: initializing lsm=lockdown,capability,landlock,yama,apparmor,ima,evm
2025-12-07T11:11:19.927821+05:00 ubu24-tst kernel: landlock: Up and running.
2025-12-07T11:11:19.927822+05:00 ubu24-tst kernel: Yama: becoming mindful.
2025-12-07T11:11:19.927823+05:00 ubu24-tst kernel: AppArmor: AppArmor initialized
2025-12-07T11:11:19.927830+05:00 ubu24-tst kernel: Mount-cache hash table entries: 8192 (order: 4, 65536 bytes, linear)
2025-12-07T11:11:19.927833+05:00 ubu24-tst kernel: Mountpoint-cache hash table entries: 8192 (order: 4, 65536 bytes, linear)
2025-12-07T11:11:19.927834+05:00 ubu24-tst kernel: smpboot: CPU0: Intel(R) Core(TM) i7-3520M CPU @ 2.90GHz (family: 0x6, model: 0x3a, stepping: 0x9)
2025-12-07T11:11:19.927835+05:00 ubu24-tst kernel: Performance Events: unsupported p6 CPU model 58 no PMU driver, software events only.
2025-12-07T11:11:19.927837+05:00 ubu24-tst kernel: signal: max sigframe size: 1776
2025-12-07T11:11:19.927838+05:00 ubu24-tst kernel: rcu: Hierarchical SRCU implementation.
2025-12-07T11:11:19.928293+05:00 ubu24-tst kernel: rcu: 	Max phase no-delay instances is 400.
2025-12-07T11:11:19.928296+05:00 ubu24-tst kernel: Timer migration: 1 hierarchy levels; 8 children per group; 1 crossnode level
2025-12-07T11:11:19.928296+05:00 ubu24-tst kernel: NMI watchdog: Perf NMI watchdog permanently disabled
2025-12-07T11:11:19.928297+05:00 ubu24-tst kernel: smp: Bringing up secondary CPUs ...
2025-12-07T11:11:19.928297+05:00 ubu24-tst kernel: smpboot: x86: Booting SMP configuration:
2025-12-07T11:11:19.928298+05:00 ubu24-tst kernel: .... node  #0, CPUs:      #1
2025-12-07T11:11:19.928298+05:00 ubu24-tst kernel: smp: Brought up 1 node, 2 CPUs
2025-12-07T11:11:19.928302+05:00 ubu24-tst kernel: smpboot: Total of 2 processors activated (11573.74 BogoMIPS)
2025-12-07T11:11:19.928303+05:00 ubu24-tst kernel: Memory: 2929728K/3126148K available (21475K kernel code, 4587K rwdata, 15072K rodata, 5140K init, 4412K bss, 189192K reserved, 0K cma-reserved)
2025-12-07T11:11:19.928303+05:00 ubu24-tst kernel: devtmpfs: initialized
2025-12-07T11:11:19.928304+05:00 ubu24-tst kernel: x86/mm: Memory block size: 128MB
2025-12-07T11:11:19.928304+05:00 ubu24-tst kernel: ACPI: PM: Registering ACPI NVS region [mem 0xbed7f000-0xbedfefff] (524288 bytes)
2025-12-07T11:11:19.928305+05:00 ubu24-tst kernel: ACPI: PM: Registering ACPI NVS region [mem 0xbf131000-0xbf132fff] (8192 bytes)
2025-12-07T11:11:19.928307+05:00 ubu24-tst kernel: clocksource: jiffies: mask: 0xffffffff max_cycles: 0xffffffff, max_idle_ns: 1911260446275000 ns
2025-12-07T11:11:19.928308+05:00 ubu24-tst kernel: futex hash table entries: 512 (order: 3, 32768 bytes, linear)
2025-12-07T11:11:19.928309+05:00 ubu24-tst kernel: pinctrl core: initialized pinctrl subsystem
2025-12-07T11:11:19.928309+05:00 ubu24-tst kernel: PM: RTC time: 06:11:12, date: 2025-12-07
2025-12-07T11:11:19.928310+05:00 ubu24-tst kernel: NET: Registered PF_NETLINK/PF_ROUTE protocol family
2025-12-07T11:11:19.928310+05:00 ubu24-tst kernel: DMA: preallocated 512 KiB GFP_KERNEL pool for atomic allocations
2025-12-07T11:11:19.928313+05:00 ubu24-tst kernel: DMA: preallocated 512 KiB GFP_KERNEL|GFP_DMA pool for atomic allocations
2025-12-07T11:11:19.928314+05:00 ubu24-tst kernel: DMA: preallocated 512 KiB GFP_KERNEL|GFP_DMA32 pool for atomic allocations
2025-12-07T11:11:19.928314+05:00 ubu24-tst kernel: audit: initializing netlink subsys (disabled)
2025-12-07T11:11:19.928315+05:00 ubu24-tst kernel: audit: type=2000 audit(1765087953.142:1): state=initialized audit_enabled=0 res=1
2025-12-07T11:11:19.928315+05:00 ubu24-tst kernel: thermal_sys: Registered thermal governor 'fair_share'
2025-12-07T11:11:19.928316+05:00 ubu24-tst kernel: thermal_sys: Registered thermal governor 'bang_bang'
2025-12-07T11:11:19.928323+05:00 ubu24-tst kernel: thermal_sys: Registered thermal governor 'step_wise'
2025-12-07T11:11:19.928324+05:00 ubu24-tst kernel: thermal_sys: Registered thermal governor 'user_space'
2025-12-07T11:11:19.928325+05:00 ubu24-tst kernel: thermal_sys: Registered thermal governor 'power_allocator'
2025-12-07T11:11:19.928325+05:00 ubu24-tst kernel: cpuidle: using governor ladder
2025-12-07T11:11:19.928326+05:00 ubu24-tst kernel: cpuidle: using governor menu
2025-12-07T11:11:19.928326+05:00 ubu24-tst kernel: acpiphp: ACPI Hot Plug PCI Controller Driver version: 0.5
2025-12-07T11:11:19.928326+05:00 ubu24-tst kernel: PCI: Using configuration type 1 for base access
2025-12-07T11:11:19.928338+05:00 ubu24-tst kernel: kprobes: kprobe jump-optimization is enabled. All kprobes are optimized if possible.
2025-12-07T11:11:19.928339+05:00 ubu24-tst kernel: HugeTLB: registered 2.00 MiB page size, pre-allocated 0 pages
2025-12-07T11:11:19.928340+05:00 ubu24-tst kernel: HugeTLB: 28 KiB vmemmap can be freed for a 2.00 MiB page
2025-12-07T11:11:19.928340+05:00 ubu24-tst kernel: ACPI: Added _OSI(Module Device)
2025-12-07T11:11:19.928341+05:00 ubu24-tst kernel: ACPI: Added _OSI(Processor Device)
2025-12-07T11:11:19.928341+05:00 ubu24-tst kernel: ACPI: Added _OSI(Processor Aggregator Device)
2025-12-07T11:11:19.928347+05:00 ubu24-tst kernel: ACPI: 2 ACPI AML tables successfully acquired and loaded
2025-12-07T11:11:19.928348+05:00 ubu24-tst kernel: ACPI: Interpreter enabled
2025-12-07T11:11:19.928349+05:00 ubu24-tst kernel: ACPI: PM: (supports S0 S5)
2025-12-07T11:11:19.928349+05:00 ubu24-tst kernel: ACPI: Using IOAPIC for interrupt routing
2025-12-07T11:11:19.928350+05:00 ubu24-tst kernel: PCI: Using host bridge windows from ACPI; if necessary, use "pci=nocrs" and report a bug
2025-12-07T11:11:19.928350+05:00 ubu24-tst kernel: PCI: Using E820 reservations for host bridge windows
2025-12-07T11:11:19.928351+05:00 ubu24-tst kernel: ACPI: Enabled 2 GPEs in block 00 to 07
2025-12-07T11:11:19.928356+05:00 ubu24-tst kernel: ACPI: PCI Root Bridge [PCI0] (domain 0000 [bus 00-ff])
2025-12-07T11:11:19.928357+05:00 ubu24-tst kernel: acpi PNP0A03:00: _OSC: OS supports [ASPM ClockPM Segments MSI EDR HPX-Type3]
2025-12-07T11:11:19.928414+05:00 ubu24-tst kernel: acpi PNP0A03:00: _OSC: not requesting OS control; OS requires [ExtendedConfig ASPM ClockPM MSI]
2025-12-07T11:11:19.928415+05:00 ubu24-tst kernel: acpi PNP0A03:00: fail to add MMCONFIG information, can't access extended configuration space under this bridge
2025-12-07T11:11:19.928416+05:00 ubu24-tst kernel: PCI host bridge to bus 0000:00
2025-12-07T11:11:19.928416+05:00 ubu24-tst kernel: pci_bus 0000:00: root bus resource [io  0x0000-0x0cf7 window]
2025-12-07T11:11:19.928423+05:00 ubu24-tst kernel: pci_bus 0000:00: root bus resource [io  0x0d00-0xffff window]
2025-12-07T11:11:19.928425+05:00 ubu24-tst kernel: pci_bus 0000:00: root bus resource [mem 0x000a0000-0x000bffff window]
2025-12-07T11:11:19.928425+05:00 ubu24-tst kernel: pci_bus 0000:00: root bus resource [mem 0xc0000000-0xfdffffff window]
2025-12-07T11:11:19.928426+05:00 ubu24-tst kernel: pci_bus 0000:00: root bus resource [bus 00-ff]
2025-12-07T11:11:19.928426+05:00 ubu24-tst kernel: pci 0000:00:00.0: [8086:1237] type 00 class 0x060000 conventional PCI endpoint
2025-12-07T11:11:19.928427+05:00 ubu24-tst kernel: pci 0000:00:01.0: [8086:7000] type 00 class 0x060100 conventional PCI endpoint
2025-12-07T11:11:19.928433+05:00 ubu24-tst kernel: pci 0000:00:01.1: [8086:7111] type 00 class 0x01018a conventional PCI endpoint
2025-12-07T11:11:19.928435+05:00 ubu24-tst kernel: pci 0000:00:01.1: BAR 4 [io  0xc180-0xc18f]
2025-12-07T11:11:19.928436+05:00 ubu24-tst kernel: pci 0000:00:01.1: BAR 0 [io  0x01f0-0x01f7]: legacy IDE quirk
2025-12-07T11:11:19.928437+05:00 ubu24-tst kernel: pci 0000:00:01.1: BAR 1 [io  0x03f6]: legacy IDE quirk
2025-12-07T11:11:19.928438+05:00 ubu24-tst kernel: pci 0000:00:01.1: BAR 2 [io  0x0170-0x0177]: legacy IDE quirk
2025-12-07T11:11:19.928439+05:00 ubu24-tst kernel: pci 0000:00:01.1: BAR 3 [io  0x0376]: legacy IDE quirk
2025-12-07T11:11:19.928439+05:00 ubu24-tst kernel: pci 0000:00:02.0: [15ad:0405] type 00 class 0x030000 conventional PCI endpoint
2025-12-07T11:11:19.928453+05:00 ubu24-tst kernel: pci 0000:00:02.0: BAR 0 [io  0xc170-0xc17f]
2025-12-07T11:11:19.928456+05:00 ubu24-tst kernel: pci 0000:00:02.0: BAR 1 [mem 0xc0000000-0xc0ffffff pref]
2025-12-07T11:11:19.928458+05:00 ubu24-tst kernel: pci 0000:00:02.0: BAR 2 [mem 0xc1400000-0xc15fffff]
2025-12-07T11:11:19.928458+05:00 ubu24-tst kernel: pci 0000:00:02.0: Video device with shadowed ROM at [mem 0x000c0000-0x000dffff]
2025-12-07T11:11:19.928459+05:00 ubu24-tst kernel: pci 0000:00:03.0: [8086:100e] type 00 class 0x020000 conventional PCI endpoint
2025-12-07T11:11:19.928460+05:00 ubu24-tst kernel: pci 0000:00:03.0: BAR 0 [mem 0xc1600000-0xc161ffff]
2025-12-07T11:11:19.928473+05:00 ubu24-tst kernel: pci 0000:00:03.0: BAR 2 [io  0xc1a0-0xc1a7]
2025-12-07T11:11:19.928544+05:00 ubu24-tst kernel: pci 0000:00:04.0: [80ee:cafe] type 00 class 0x088000 conventional PCI endpoint
2025-12-07T11:11:19.928546+05:00 ubu24-tst kernel: pci 0000:00:04.0: BAR 0 [io  0xc140-0xc15f]
2025-12-07T11:11:19.928546+05:00 ubu24-tst kernel: pci 0000:00:04.0: BAR 1 [mem 0xc1000000-0xc13fffff]
2025-12-07T11:11:19.928547+05:00 ubu24-tst kernel: pci 0000:00:04.0: BAR 2 [mem 0xc1620000-0xc1623fff pref]
2025-12-07T11:11:19.928547+05:00 ubu24-tst kernel: pci 0000:00:05.0: [8086:2415] type 00 class 0x040100 conventional PCI endpoint
2025-12-07T11:11:19.928557+05:00 ubu24-tst kernel: pci 0000:00:05.0: BAR 0 [io  0xc000-0xc0ff]
2025-12-07T11:11:19.928559+05:00 ubu24-tst kernel: pci 0000:00:05.0: BAR 1 [io  0xc100-0xc13f]
2025-12-07T11:11:19.928559+05:00 ubu24-tst kernel: pci 0000:00:06.0: [106b:003f] type 00 class 0x0c0310 conventional PCI endpoint
2025-12-07T11:11:19.928560+05:00 ubu24-tst kernel: pci 0000:00:06.0: BAR 0 [mem 0xc1627000-0xc1627fff]
2025-12-07T11:11:19.928560+05:00 ubu24-tst kernel: pci 0000:00:07.0: [8086:7113] type 00 class 0x068000 conventional PCI endpoint
2025-12-07T11:11:19.928561+05:00 ubu24-tst kernel: pci 0000:00:07.0: quirk: [io  0x4000-0x403f] claimed by PIIX4 ACPI
2025-12-07T11:11:19.928561+05:00 ubu24-tst kernel: pci 0000:00:07.0: quirk: [io  0x4100-0x410f] claimed by PIIX4 SMB
2025-12-07T11:11:19.928567+05:00 ubu24-tst kernel: pci 0000:00:0b.0: [8086:265c] type 00 class 0x0c0320 conventional PCI endpoint
2025-12-07T11:11:19.928568+05:00 ubu24-tst kernel: pci 0000:00:0b.0: BAR 0 [mem 0xc1626000-0xc1626fff]
2025-12-07T11:11:19.928569+05:00 ubu24-tst kernel: pci 0000:00:0d.0: [8086:2829] type 00 class 0x010601 conventional PCI endpoint
2025-12-07T11:11:19.928569+05:00 ubu24-tst kernel: pci 0000:00:0d.0: BAR 0 [io  0xc198-0xc19f]
2025-12-07T11:11:19.928570+05:00 ubu24-tst kernel: pci 0000:00:0d.0: BAR 1 [io  0xc1ac-0xc1af]
2025-12-07T11:11:19.928570+05:00 ubu24-tst kernel: pci 0000:00:0d.0: BAR 2 [io  0xc190-0xc197]
2025-12-07T11:11:19.928576+05:00 ubu24-tst kernel: pci 0000:00:0d.0: BAR 3 [io  0xc1a8-0xc1ab]
2025-12-07T11:11:19.928577+05:00 ubu24-tst kernel: pci 0000:00:0d.0: BAR 4 [io  0xc160-0xc16f]
2025-12-07T11:11:19.928578+05:00 ubu24-tst kernel: pci 0000:00:0d.0: BAR 5 [mem 0xc1624000-0xc1625fff]
2025-12-07T11:11:19.928578+05:00 ubu24-tst kernel: ACPI: PCI: Interrupt link LNKA configured for IRQ 10
2025-12-07T11:11:19.928578+05:00 ubu24-tst kernel: ACPI: PCI: Interrupt link LNKB configured for IRQ 10
2025-12-07T11:11:19.928579+05:00 ubu24-tst kernel: ACPI: PCI: Interrupt link LNKC configured for IRQ 11
2025-12-07T11:11:19.928579+05:00 ubu24-tst kernel: ACPI: PCI: Interrupt link LNKD configured for IRQ 11
2025-12-07T11:11:19.928585+05:00 ubu24-tst kernel: iommu: Default domain type: Translated
2025-12-07T11:11:19.928586+05:00 ubu24-tst kernel: iommu: DMA domain TLB invalidation policy: lazy mode
2025-12-07T11:11:19.928587+05:00 ubu24-tst kernel: SCSI subsystem initialized
2025-12-07T11:11:19.928587+05:00 ubu24-tst kernel: libata version 3.00 loaded.
2025-12-07T11:11:19.928588+05:00 ubu24-tst kernel: ACPI: bus type USB registered
2025-12-07T11:11:19.928588+05:00 ubu24-tst kernel: usbcore: registered new interface driver usbfs
2025-12-07T11:11:19.928594+05:00 ubu24-tst kernel: usbcore: registered new interface driver hub
2025-12-07T11:11:19.928595+05:00 ubu24-tst kernel: usbcore: registered new device driver usb
2025-12-07T11:11:19.928596+05:00 ubu24-tst kernel: pps_core: LinuxPPS API ver. 1 registered
2025-12-07T11:11:19.928596+05:00 ubu24-tst kernel: pps_core: Software ver. 5.3.6 - Copyright 2005-2007 Rodolfo Giometti <giometti@linux.it>
2025-12-07T11:11:19.928597+05:00 ubu24-tst kernel: PTP clock support registered
2025-12-07T11:11:19.928597+05:00 ubu24-tst kernel: EDAC MC: Ver: 3.0.0
2025-12-07T11:11:19.928603+05:00 ubu24-tst kernel: efivars: Registered efivars operations
2025-12-07T11:11:19.928604+05:00 ubu24-tst kernel: NetLabel: Initializing
2025-12-07T11:11:19.928604+05:00 ubu24-tst kernel: NetLabel:  domain hash size = 128
2025-12-07T11:11:19.928605+05:00 ubu24-tst kernel: NetLabel:  protocols = UNLABELED CIPSOv4 CALIPSO
2025-12-07T11:11:19.928605+05:00 ubu24-tst kernel: NetLabel:  unlabeled traffic allowed by default
2025-12-07T11:11:19.928606+05:00 ubu24-tst kernel: mctp: management component transport protocol core
2025-12-07T11:11:19.928606+05:00 ubu24-tst kernel: NET: Registered PF_MCTP protocol family
2025-12-07T11:11:19.928612+05:00 ubu24-tst kernel: PCI: Using ACPI for IRQ routing
2025-12-07T11:11:19.928613+05:00 ubu24-tst kernel: PCI: pci_cache_line_size set to 64 bytes
2025-12-07T11:11:19.928613+05:00 ubu24-tst kernel: e820: reserve RAM buffer [mem 0xbd3c0000-0xbfffffff]
2025-12-07T11:11:19.928614+05:00 ubu24-tst kernel: e820: reserve RAM buffer [mem 0xbdea2000-0xbfffffff]
2025-12-07T11:11:19.928614+05:00 ubu24-tst kernel: e820: reserve RAM buffer [mem 0xbeaed000-0xbfffffff]
2025-12-07T11:11:19.928615+05:00 ubu24-tst kernel: e820: reserve RAM buffer [mem 0xbf12d000-0xbfffffff]
2025-12-07T11:11:19.928623+05:00 ubu24-tst kernel: e820: reserve RAM buffer [mem 0xbf16e000-0xbfffffff]
2025-12-07T11:11:19.928625+05:00 ubu24-tst kernel: pci 0000:00:02.0: vgaarb: setting as boot VGA device
2025-12-07T11:11:19.928626+05:00 ubu24-tst kernel: pci 0000:00:02.0: vgaarb: bridge control possible
2025-12-07T11:11:19.928627+05:00 ubu24-tst kernel: pci 0000:00:02.0: vgaarb: VGA device added: decodes=io+mem,owns=io+mem,locks=none
2025-12-07T11:11:19.928628+05:00 ubu24-tst kernel: vgaarb: loaded
2025-12-07T11:11:19.928629+05:00 ubu24-tst kernel: clocksource: Switched to clocksource kvm-clock
2025-12-07T11:11:19.928629+05:00 ubu24-tst kernel: VFS: Disk quotas dquot_6.6.0
2025-12-07T11:11:19.928643+05:00 ubu24-tst kernel: VFS: Dquot-cache hash table entries: 512 (order 0, 4096 bytes)
2025-12-07T11:11:19.928647+05:00 ubu24-tst kernel: AppArmor: AppArmor Filesystem Enabled
2025-12-07T11:11:19.928648+05:00 ubu24-tst kernel: pnp: PnP ACPI init
2025-12-07T11:11:19.928649+05:00 ubu24-tst kernel: pnp: PnP ACPI: found 2 devices
2025-12-07T11:11:19.928653+05:00 ubu24-tst kernel: clocksource: acpi_pm: mask: 0xffffff max_cycles: 0xffffff, max_idle_ns: 2085701024 ns
2025-12-07T11:11:19.928654+05:00 ubu24-tst kernel: NET: Registered PF_INET protocol family
2025-12-07T11:11:19.928670+05:00 ubu24-tst kernel: IP idents hash table entries: 65536 (order: 7, 524288 bytes, linear)
2025-12-07T11:11:19.928674+05:00 ubu24-tst kernel: tcp_listen_portaddr_hash hash table entries: 2048 (order: 3, 32768 bytes, linear)
2025-12-07T11:11:19.928675+05:00 ubu24-tst kernel: Table-perturb hash table entries: 65536 (order: 6, 262144 bytes, linear)
2025-12-07T11:11:19.928676+05:00 ubu24-tst kernel: TCP established hash table entries: 32768 (order: 6, 262144 bytes, linear)
2025-12-07T11:11:19.928677+05:00 ubu24-tst kernel: TCP bind hash table entries: 32768 (order: 8, 1048576 bytes, linear)
2025-12-07T11:11:19.928678+05:00 ubu24-tst kernel: TCP: Hash tables configured (established 32768 bind 32768)
2025-12-07T11:11:19.928691+05:00 ubu24-tst kernel: MPTCP token hash table entries: 4096 (order: 4, 98304 bytes, linear)
2025-12-07T11:11:19.928694+05:00 ubu24-tst kernel: UDP hash table entries: 2048 (order: 5, 131072 bytes, linear)
2025-12-07T11:11:19.928696+05:00 ubu24-tst kernel: UDP-Lite hash table entries: 2048 (order: 5, 131072 bytes, linear)
2025-12-07T11:11:19.928697+05:00 ubu24-tst kernel: NET: Registered PF_UNIX/PF_LOCAL protocol family
2025-12-07T11:11:19.928698+05:00 ubu24-tst kernel: NET: Registered PF_XDP protocol family
2025-12-07T11:11:19.928699+05:00 ubu24-tst kernel: pci_bus 0000:00: resource 4 [io  0x0000-0x0cf7 window]
2025-12-07T11:11:19.928701+05:00 ubu24-tst kernel: pci_bus 0000:00: resource 5 [io  0x0d00-0xffff window]
2025-12-07T11:11:19.928739+05:00 ubu24-tst kernel: pci_bus 0000:00: resource 6 [mem 0x000a0000-0x000bffff window]
2025-12-07T11:11:19.928744+05:00 ubu24-tst kernel: pci_bus 0000:00: resource 7 [mem 0xc0000000-0xfdffffff window]
2025-12-07T11:11:19.928745+05:00 ubu24-tst kernel: pci 0000:00:00.0: Limiting direct PCI/PCI transfers
2025-12-07T11:11:19.928746+05:00 ubu24-tst kernel: PCI: CLS 0 bytes, default 64
2025-12-07T11:11:19.928747+05:00 ubu24-tst kernel: Trying to unpack rootfs image as initramfs...
2025-12-07T11:11:19.928748+05:00 ubu24-tst kernel: clocksource: tsc: mask: 0xffffffffffffffff max_cycles: 0x29b50a8eb5a, max_idle_ns: 440795326788 ns
2025-12-07T11:11:19.928763+05:00 ubu24-tst kernel: clocksource: Switched to clocksource tsc
2025-12-07T11:11:19.928766+05:00 ubu24-tst kernel: platform rtc_cmos: registered platform RTC device (no PNP device found)
2025-12-07T11:11:19.928767+05:00 ubu24-tst kernel: Initialise system trusted keyrings
2025-12-07T11:11:19.928768+05:00 ubu24-tst kernel: Key type blacklist registered
2025-12-07T11:11:19.928768+05:00 ubu24-tst kernel: workingset: timestamp_bits=36 max_order=20 bucket_order=0
2025-12-07T11:11:19.928769+05:00 ubu24-tst kernel: zbud: loaded
2025-12-07T11:11:19.929011+05:00 ubu24-tst kernel: squashfs: version 4.0 (2009/01/31) Phillip Lougher
2025-12-07T11:11:19.929030+05:00 ubu24-tst kernel: fuse: init (API version 7.42)
2025-12-07T11:11:19.929035+05:00 ubu24-tst kernel: integrity: Platform Keyring initialized
2025-12-07T11:11:19.929036+05:00 ubu24-tst kernel: integrity: Machine keyring initialized
2025-12-07T11:11:19.929037+05:00 ubu24-tst kernel: Key type asymmetric registered
2025-12-07T11:11:19.929038+05:00 ubu24-tst kernel: Asymmetric key parser 'x509' registered
2025-12-07T11:11:19.929039+05:00 ubu24-tst kernel: Block layer SCSI generic (bsg) driver version 0.4 loaded (major 243)
2025-12-07T11:11:19.929056+05:00 ubu24-tst kernel: io scheduler mq-deadline registered
2025-12-07T11:11:19.929060+05:00 ubu24-tst kernel: ledtrig-cpu: registered to indicate activity on CPUs
2025-12-07T11:11:19.929062+05:00 ubu24-tst kernel: shpchp: Standard Hot Plug PCI Controller Driver version: 0.4
2025-12-07T11:11:19.929063+05:00 ubu24-tst kernel: ACPI: AC: AC Adapter [AC] (on-line)
2025-12-07T11:11:19.929064+05:00 ubu24-tst kernel: input: Power Button as /devices/LNXSYSTM:00/LNXPWRBN:00/input/input0
2025-12-07T11:11:19.929065+05:00 ubu24-tst kernel: ACPI: button: Power Button [PWRF]
2025-12-07T11:11:19.935677+05:00 ubu24-tst systemd[1]: Starting plymouth-start.service - Show Plymouth Boot Screen...
2025-12-07T11:11:19.935773+05:00 ubu24-tst systemd[1]: Started plymouth-start.service - Show Plymouth Boot Screen.
2025-12-07T11:11:19.935793+05:00 ubu24-tst systemd[1]: systemd-ask-password-console.path - Dispatch Password Requests to Console Directory Watch was skipped because of an unmet condition check (ConditionPathExists=!/run/plymouth/pid).
2025-12-07T11:11:19.935826+05:00 ubu24-tst systemd[1]: Started systemd-ask-password-plymouth.path - Forward Password Requests to Plymouth Directory Watch.
2025-12-07T11:11:19.935840+05:00 ubu24-tst systemd[1]: Reached target cryptsetup.target - Local Encrypted Volumes.
2025-12-07T11:11:19.935850+05:00 ubu24-tst mtp-probe: checking bus 1, device 2: "/sys/devices/pci0000:00/0000:00:06.0/usb1/1-1"
2025-12-07T11:11:19.935862+05:00 ubu24-tst mtp-probe: bus: 1, device: 2 was not an MTP device
2025-12-07T11:11:19.935876+05:00 ubu24-tst systemd[1]: Found device dev-disk-by\x2duuid-D3A4\x2dCE7D.device - VBOX_HARDDISK 1.
2025-12-07T11:11:19.935894+05:00 ubu24-tst systemd[1]: Starting systemd-fsck@dev-disk-by\x2duuid-D3A4\x2dCE7D.service - File System Check on /dev/disk/by-uuid/D3A4-CE7D...
2025-12-07T11:11:19.936008+05:00 ubu24-tst lvm[443]: PV /dev/sdb1 online, VG vg1 is complete.
2025-12-07T11:11:19.936021+05:00 ubu24-tst lvm[443]: VG vg1 finished
2025-12-07T11:11:19.936038+05:00 ubu24-tst systemd[1]: Started systemd-fsckd.service - File System Check Daemon to report status.
2025-12-07T11:11:19.936049+05:00 ubu24-tst systemd[1]: Listening on systemd-rfkill.socket - Load/Save RF Kill Switch Status /dev/rfkill Watch.
2025-12-07T11:11:19.936063+05:00 ubu24-tst systemd-fsck[452]: fsck.fat 4.2 (2021-01-31)
2025-12-07T11:11:19.936087+05:00 ubu24-tst systemd-fsck[452]: /dev/sda1: 11 files, 1572/274657 clusters
2025-12-07T11:11:19.936103+05:00 ubu24-tst systemd[1]: Finished systemd-fsck@dev-disk-by\x2duuid-D3A4\x2dCE7D.service - File System Check on /dev/disk/by-uuid/D3A4-CE7D.
2025-12-07T11:11:19.936114+05:00 ubu24-tst systemd[1]: Mounting boot-efi.mount - /boot/efi...
2025-12-07T11:11:19.936124+05:00 ubu24-tst systemd[1]: Mounted boot-efi.mount - /boot/efi.
2025-12-07T11:11:19.936191+05:00 ubu24-tst systemd[1]: Reached target local-fs.target - Local File Systems.
2025-12-07T11:11:19.936206+05:00 ubu24-tst systemd[1]: Listening on systemd-sysext.socket - System Extension Image Management (Varlink).
2025-12-07T11:11:19.936225+05:00 ubu24-tst systemd[1]: Starting apparmor.service - Load AppArmor profiles...
2025-12-07T11:11:19.936235+05:00 ubu24-tst systemd[1]: Starting console-setup.service - Set console font and keymap...
2025-12-07T11:11:19.936245+05:00 ubu24-tst systemd[1]: ldconfig.service - Rebuild Dynamic Linker Cache was skipped because no trigger condition checks were met.
2025-12-07T11:11:19.936255+05:00 ubu24-tst systemd[1]: Starting plymouth-read-write.service - Tell Plymouth To Write Out Runtime Data...
2025-12-07T11:11:19.936266+05:00 ubu24-tst apparmor.systemd[495]: Restarting AppArmor
2025-12-07T11:11:19.936277+05:00 ubu24-tst systemd[1]: Starting systemd-binfmt.service - Set Up Additional Binary Formats...
2025-12-07T11:11:19.936294+05:00 ubu24-tst apparmor.systemd[495]: Reloading AppArmor profiles
2025-12-07T11:11:19.936305+05:00 ubu24-tst systemd[1]: Starting systemd-tmpfiles-setup.service - Create Volatile Files and Directories...
2025-12-07T11:11:19.936315+05:00 ubu24-tst systemd[1]: Starting ufw.service - Uncomplicated firewall...
2025-12-07T11:11:19.936324+05:00 ubu24-tst systemd[1]: Finished console-setup.service - Set console font and keymap.
2025-12-07T11:11:19.936333+05:00 ubu24-tst systemd[1]: Finished plymouth-read-write.service - Tell Plymouth To Write Out Runtime Data.
2025-12-07T11:11:19.936349+05:00 ubu24-tst systemd[1]: Received SIGRTMIN+20 from PID 204 (plymouthd).
2025-12-07T11:11:19.936358+05:00 ubu24-tst systemd[1]: proc-sys-fs-binfmt_misc.automount: Got automount request for /proc/sys/fs/binfmt_misc, triggered by 502 (systemd-binfmt)
2025-12-07T11:11:19.936368+05:00 ubu24-tst systemd[1]: Mounting proc-sys-fs-binfmt_misc.mount - Arbitrary Executable File Formats File System...
2025-12-07T11:11:19.936377+05:00 ubu24-tst systemd[1]: Finished ufw.service - Uncomplicated firewall.
2025-12-07T11:11:19.936387+05:00 ubu24-tst systemd[1]: Reached target network-pre.target - Preparation for Network.
2025-12-07T11:11:19.936398+05:00 ubu24-tst systemd[1]: Mounted proc-sys-fs-binfmt_misc.mount - Arbitrary Executable File Formats File System.
2025-12-07T11:11:19.936414+05:00 ubu24-tst systemd[1]: Finished systemd-binfmt.service - Set Up Additional Binary Formats.
2025-12-07T11:11:19.936424+05:00 ubu24-tst systemd[1]: Finished systemd-tmpfiles-setup.service - Create Volatile Files and Directories.
2025-12-07T11:11:19.936433+05:00 ubu24-tst systemd[1]: systemd-firstboot.service - First Boot Wizard was skipped because of an unmet condition check (ConditionFirstBoot=yes).
2025-12-07T11:11:19.936444+05:00 ubu24-tst systemd[1]: first-boot-complete.target - First Boot Complete was skipped because of an unmet condition check (ConditionFirstBoot=yes).
2025-12-07T11:11:19.936455+05:00 ubu24-tst systemd[1]: systemd-journal-catalog-update.service - Rebuild Journal Catalog was skipped because of an unmet condition check (ConditionNeedsUpdate=/var).
2025-12-07T11:11:19.936464+05:00 ubu24-tst systemd[1]: systemd-machine-id-commit.service - Commit a transient machine-id on disk was skipped because of an unmet condition check (ConditionPathIsMountPoint=/etc/machine-id).
2025-12-07T11:11:19.936481+05:00 ubu24-tst systemd[1]: Starting systemd-oomd.service - Userspace Out-Of-Memory (OOM) Killer...
2025-12-07T11:11:19.936492+05:00 ubu24-tst systemd[1]: Starting systemd-resolved.service - Network Name Resolution...
2025-12-07T11:11:19.936501+05:00 ubu24-tst systemd[1]: systemd-update-done.service - Update is Completed was skipped because no trigger condition checks were met.
2025-12-07T11:11:19.936510+05:00 ubu24-tst systemd[1]: Starting systemd-update-utmp.service - Record System Boot/Shutdown in UTMP...
2025-12-07T11:11:19.936519+05:00 ubu24-tst systemd[1]: Finished systemd-update-utmp.service - Record System Boot/Shutdown in UTMP.
2025-12-07T11:11:19.936537+05:00 ubu24-tst systemd[1]: Started systemd-oomd.service - Userspace Out-Of-Memory (OOM) Killer.
2025-12-07T11:11:19.936548+05:00 ubu24-tst systemd-resolved[599]: Positive Trust Anchors:
2025-12-07T11:11:19.936559+05:00 ubu24-tst systemd-resolved[599]: . IN DS 20326 8 2 e06d44b80b8f1d39a95c0b0d7c65d08458e880409bbc683457104237c7f8ec8d
2025-12-07T11:11:19.936570+05:00 ubu24-tst systemd-resolved[599]: Negative trust anchors: home.arpa 10.in-addr.arpa 16.172.in-addr.arpa 17.172.in-addr.arpa 18.172.in-addr.arpa 19.172.in-addr.arpa 20.172.in-addr.arpa 21.172.in-addr.arpa 22.172.in-addr.arpa 23.172.in-addr.arpa 24.172.in-addr.arpa 25.172.in-addr.arpa 26.172.in-addr.arpa 27.172.in-addr.arpa 28.172.in-addr.arpa 29.172.in-addr.arpa 30.172.in-addr.arpa 31.172.in-addr.arpa 170.0.0.192.in-addr.arpa 171.0.0.192.in-addr.arpa 168.192.in-addr.arpa d.f.ip6.arpa ipv4only.arpa corp home internal intranet lan local private test
2025-12-07T11:11:19.936582+05:00 ubu24-tst systemd[1]: systemd-ask-password-console.path - Dispatch Password Requests to Console Directory Watch was skipped because of an unmet condition check (ConditionPathExists=!/run/plymouth/pid).
2025-12-07T11:11:19.936599+05:00 ubu24-tst systemd[1]: ldconfig.service - Rebuild Dynamic Linker Cache was skipped because no trigger condition checks were met.
2025-12-07T11:11:19.936609+05:00 ubu24-tst systemd[1]: Starting modprobe@dm_mod.service - Load Kernel Module dm_mod...
2025-12-07T11:11:19.936619+05:00 ubu24-tst systemd[1]: Starting modprobe@efi_pstore.service - Load Kernel Module efi_pstore...
2025-12-07T11:11:19.936630+05:00 ubu24-tst systemd[1]: Starting modprobe@loop.service - Load Kernel Module loop...
2025-12-07T11:11:19.936639+05:00 ubu24-tst systemd[1]: systemd-hwdb-update.service - Rebuild Hardware Database was skipped because of an unmet condition check (ConditionNeedsUpdate=/etc).
2025-12-07T11:11:19.937756+05:00 ubu24-tst kernel: input: Sleep Button as /devices/LNXSYSTM:00/LNXSLPBN:00/input/input1
2025-12-07T11:11:19.937769+05:00 ubu24-tst kernel: ACPI: button: Sleep Button [SLPF]
2025-12-07T11:11:19.937771+05:00 ubu24-tst kernel: ACPI: battery: Slot [BAT0] (battery present)
2025-12-07T11:11:19.937773+05:00 ubu24-tst kernel: Serial: 8250/16550 driver, 32 ports, IRQ sharing enabled
2025-12-07T11:11:19.937774+05:00 ubu24-tst kernel: Linux agpgart interface v0.103
2025-12-07T11:11:19.937775+05:00 ubu24-tst kernel: loop: module loaded
2025-12-07T11:11:19.937776+05:00 ubu24-tst kernel: ata_piix 0000:00:01.1: version 2.13
2025-12-07T11:11:19.937802+05:00 ubu24-tst kernel: scsi host0: ata_piix
2025-12-07T11:11:19.937805+05:00 ubu24-tst kernel: scsi host1: ata_piix
2025-12-07T11:11:19.937806+05:00 ubu24-tst kernel: ata1: PATA max UDMA/33 cmd 0x1f0 ctl 0x3f6 bmdma 0xc180 irq 14 lpm-pol 0
2025-12-07T11:11:19.937807+05:00 ubu24-tst kernel: ata2: PATA max UDMA/33 cmd 0x170 ctl 0x376 bmdma 0xc188 irq 15 lpm-pol 0
2025-12-07T11:11:19.937808+05:00 ubu24-tst kernel: ACPI: bus type drm_connector registered
2025-12-07T11:11:19.937810+05:00 ubu24-tst kernel: tun: Universal TUN/TAP device driver, 1.6
2025-12-07T11:11:19.937822+05:00 ubu24-tst kernel: PPP generic driver version 2.4.2
2025-12-07T11:11:19.937824+05:00 ubu24-tst kernel: ohci-pci 0000:00:06.0: OHCI PCI host controller
2025-12-07T11:11:19.937826+05:00 ubu24-tst kernel: ohci-pci 0000:00:06.0: new USB bus registered, assigned bus number 1
2025-12-07T11:11:19.937827+05:00 ubu24-tst kernel: ohci-pci 0000:00:06.0: irq 22, io mem 0xc1627000
2025-12-07T11:11:19.937828+05:00 ubu24-tst kernel: usb usb1: New USB device found, idVendor=1d6b, idProduct=0001, bcdDevice= 6.14
2025-12-07T11:11:19.937829+05:00 ubu24-tst kernel: usb usb1: New USB device strings: Mfr=3, Product=2, SerialNumber=1
2025-12-07T11:11:19.937830+05:00 ubu24-tst kernel: usb usb1: Product: OHCI PCI host controller
2025-12-07T11:11:19.937842+05:00 ubu24-tst kernel: usb usb1: Manufacturer: Linux 6.14.0-36-generic ohci_hcd
2025-12-07T11:11:19.937844+05:00 ubu24-tst kernel: usb usb1: SerialNumber: 0000:00:06.0
2025-12-07T11:11:19.937845+05:00 ubu24-tst kernel: hub 1-0:1.0: USB hub found
2025-12-07T11:11:19.937846+05:00 ubu24-tst kernel: hub 1-0:1.0: 12 ports detected
2025-12-07T11:11:19.937847+05:00 ubu24-tst kernel: ehci-pci 0000:00:0b.0: EHCI Host Controller
2025-12-07T11:11:19.937848+05:00 ubu24-tst kernel: ehci-pci 0000:00:0b.0: new USB bus registered, assigned bus number 2
2025-12-07T11:11:19.937860+05:00 ubu24-tst kernel: ehci-pci 0000:00:0b.0: irq 19, io mem 0xc1626000
2025-12-07T11:11:19.937862+05:00 ubu24-tst kernel: i8042: PNP: PS/2 Controller [PNP0303:PS2K,PNP0f03:PS2M] at 0x60,0x64 irq 1,12
2025-12-07T11:11:19.937863+05:00 ubu24-tst kernel: serio: i8042 KBD port at 0x60,0x64 irq 1
2025-12-07T11:11:19.937864+05:00 ubu24-tst kernel: serio: i8042 AUX port at 0x60,0x64 irq 12
2025-12-07T11:11:19.937865+05:00 ubu24-tst kernel: mousedev: PS/2 mouse device common for all mice
2025-12-07T11:11:19.937866+05:00 ubu24-tst kernel: input: AT Translated Set 2 keyboard as /devices/platform/i8042/serio0/input/input2
2025-12-07T11:11:19.937878+05:00 ubu24-tst kernel: rtc_cmos rtc_cmos: registered as rtc0
2025-12-07T11:11:19.937880+05:00 ubu24-tst kernel: rtc_cmos rtc_cmos: setting system clock to 2025-12-07T06:11:12 UTC (1765087872)
2025-12-07T11:11:19.937881+05:00 ubu24-tst kernel: rtc_cmos rtc_cmos: alarms up to one day, 114 bytes nvram
2025-12-07T11:11:19.937882+05:00 ubu24-tst kernel: i2c_dev: i2c /dev entries driver
2025-12-07T11:11:19.937889+05:00 ubu24-tst kernel: device-mapper: core: CONFIG_IMA_DISABLE_HTABLE is disabled. Duplicate IMA measurements will not be recorded in the IMA log.
2025-12-07T11:11:19.937891+05:00 ubu24-tst kernel: device-mapper: uevent: version 1.0.3
2025-12-07T11:11:19.937892+05:00 ubu24-tst kernel: device-mapper: ioctl: 4.49.0-ioctl (2025-01-17) initialised: dm-devel@lists.linux.dev
2025-12-07T11:11:19.937904+05:00 ubu24-tst kernel: intel_pstate: CPU model not supported
2025-12-07T11:11:19.937906+05:00 ubu24-tst kernel: simple-framebuffer simple-framebuffer.0: [drm] Registered 1 planes with drm panic
2025-12-07T11:11:19.937907+05:00 ubu24-tst kernel: [drm] Initialized simpledrm 1.0.0 for simple-framebuffer.0 on minor 0
2025-12-07T11:11:19.937908+05:00 ubu24-tst kernel: fbcon: Deferring console take-over
2025-12-07T11:11:19.937910+05:00 ubu24-tst kernel: simple-framebuffer simple-framebuffer.0: [drm] fb0: simpledrmdrmfb frame buffer device
2025-12-07T11:11:19.937910+05:00 ubu24-tst kernel: ehci-pci 0000:00:0b.0: USB 2.0 started, EHCI 1.00
2025-12-07T11:11:19.937922+05:00 ubu24-tst kernel: usb usb2: New USB device found, idVendor=1d6b, idProduct=0002, bcdDevice= 6.14
2025-12-07T11:11:19.937924+05:00 ubu24-tst kernel: usb usb2: New USB device strings: Mfr=3, Product=2, SerialNumber=1
2025-12-07T11:11:19.937925+05:00 ubu24-tst kernel: usb usb2: Product: EHCI Host Controller
2025-12-07T11:11:19.937926+05:00 ubu24-tst kernel: usb usb2: Manufacturer: Linux 6.14.0-36-generic ehci_hcd
2025-12-07T11:11:19.937927+05:00 ubu24-tst kernel: usb usb2: SerialNumber: 0000:00:0b.0
2025-12-07T11:11:19.937928+05:00 ubu24-tst kernel: hub 2-0:1.0: USB hub found
2025-12-07T11:11:19.937940+05:00 ubu24-tst kernel: hub 2-0:1.0: 12 ports detected
2025-12-07T11:11:19.937942+05:00 ubu24-tst kernel: drop_monitor: Initializing network drop monitor service
2025-12-07T11:11:19.937943+05:00 ubu24-tst kernel: NET: Registered PF_INET6 protocol family
2025-12-07T11:11:19.937944+05:00 ubu24-tst kernel: Freeing initrd memory: 78908K
2025-12-07T11:11:19.937945+05:00 ubu24-tst kernel: ata1.00: ATAPI: VBOX CD-ROM, 1.0, max UDMA/133
2025-12-07T11:11:19.937946+05:00 ubu24-tst kernel: scsi 0:0:0:0: CD-ROM            VBOX     CD-ROM           1.0  PQ: 0 ANSI: 5
2025-12-07T11:11:19.937947+05:00 ubu24-tst kernel: sr 0:0:0:0: [sr0] scsi3-mmc drive: 32x/32x xa/form2 tray
2025-12-07T11:11:19.937959+05:00 ubu24-tst kernel: cdrom: Uniform CD-ROM driver Revision: 3.20
2025-12-07T11:11:19.937961+05:00 ubu24-tst kernel: Segment Routing with IPv6
2025-12-07T11:11:19.937963+05:00 ubu24-tst kernel: In-situ OAM (IOAM) with IPv6
2025-12-07T11:11:19.937964+05:00 ubu24-tst kernel: NET: Registered PF_PACKET protocol family
2025-12-07T11:11:19.937965+05:00 ubu24-tst kernel: Key type dns_resolver registered
2025-12-07T11:11:19.937966+05:00 ubu24-tst kernel: IPI shorthand broadcast: enabled
2025-12-07T11:11:19.937977+05:00 ubu24-tst kernel: sr 0:0:0:0: Attached scsi CD-ROM sr0
2025-12-07T11:11:19.937979+05:00 ubu24-tst kernel: sr 0:0:0:0: Attached scsi generic sg0 type 5
2025-12-07T11:11:19.937980+05:00 ubu24-tst kernel: sched_clock: Marking stable (635042797, 907729)->(640964687, -5014161)
2025-12-07T11:11:19.937981+05:00 ubu24-tst kernel: registered taskstats version 1
2025-12-07T11:11:19.937983+05:00 ubu24-tst kernel: Loading compiled-in X.509 certificates
2025-12-07T11:11:19.937984+05:00 ubu24-tst kernel: Loaded X.509 cert 'Build time autogenerated kernel key: 8b36fd28f65dfd2d1aa9217f7ad04c787ba44f35'
2025-12-07T11:11:19.937985+05:00 ubu24-tst kernel: Loaded X.509 cert 'Canonical Ltd. Live Patch Signing 2025 Kmod: d541cef61dc7e793b7eb7e899970a2eef0b5dc8c'
2025-12-07T11:11:19.937997+05:00 ubu24-tst kernel: Loaded X.509 cert 'Canonical Ltd. Live Patch Signing: 14df34d1a87cf37625abec039ef2bf521249b969'
2025-12-07T11:11:19.937999+05:00 ubu24-tst kernel: Loaded X.509 cert 'Canonical Ltd. Kernel Module Signing: 88f752e560a1e0737e31163a466ad7b70a850c19'
2025-12-07T11:11:19.938000+05:00 ubu24-tst kernel: blacklist: Loading compiled-in revocation X.509 certificates
2025-12-07T11:11:19.938001+05:00 ubu24-tst kernel: Loaded X.509 cert 'Canonical Ltd. Secure Boot Signing: 61482aa2830d0ab2ad5af10b7250da9033ddcef0'
2025-12-07T11:11:19.938002+05:00 ubu24-tst kernel: Loaded X.509 cert 'Canonical Ltd. Secure Boot Signing (2017): 242ade75ac4a15e50d50c84b0d45ff3eae707a03'
2025-12-07T11:11:19.938003+05:00 ubu24-tst kernel: Loaded X.509 cert 'Canonical Ltd. Secure Boot Signing (ESM 2018): 365188c1d374d6b07c3c8f240f8ef722433d6a8b'
2025-12-07T11:11:19.938015+05:00 ubu24-tst kernel: Loaded X.509 cert 'Canonical Ltd. Secure Boot Signing (2019): c0746fd6c5da3ae827864651ad66ae47fe24b3e8'
2025-12-07T11:11:19.938017+05:00 ubu24-tst kernel: Loaded X.509 cert 'Canonical Ltd. Secure Boot Signing (2021 v1): a8d54bbb3825cfb94fa13c9f8a594a195c107b8d'
2025-12-07T11:11:19.938018+05:00 ubu24-tst kernel: Loaded X.509 cert 'Canonical Ltd. Secure Boot Signing (2021 v2): 4cf046892d6fd3c9a5b03f98d845f90851dc6a8c'
2025-12-07T11:11:19.938019+05:00 ubu24-tst kernel: Loaded X.509 cert 'Canonical Ltd. Secure Boot Signing (2021 v3): 100437bb6de6e469b581e61cd66bce3ef4ed53af'
2025-12-07T11:11:19.938020+05:00 ubu24-tst kernel: Loaded X.509 cert 'Canonical Ltd. Secure Boot Signing (Ubuntu Core 2019): c1d57b8f6b743f23ee41f4f7ee292f06eecadfb9'
2025-12-07T11:11:19.938031+05:00 ubu24-tst kernel: Demotion targets for Node 0: null
2025-12-07T11:11:19.938033+05:00 ubu24-tst kernel: Key type .fscrypt registered
2025-12-07T11:11:19.938034+05:00 ubu24-tst kernel: Key type fscrypt-provisioning registered
2025-12-07T11:11:19.938035+05:00 ubu24-tst kernel: Key type encrypted registered
2025-12-07T11:11:19.938036+05:00 ubu24-tst kernel: AppArmor: AppArmor sha256 policy hashing enabled
2025-12-07T11:11:19.938037+05:00 ubu24-tst kernel: ima: No TPM chip found, activating TPM-bypass!
2025-12-07T11:11:19.938116+05:00 ubu24-tst kernel: Loading compiled-in module X.509 certificates
2025-12-07T11:11:19.942720+05:00 ubu24-tst kernel: Loaded X.509 cert 'Build time autogenerated kernel key: 8b36fd28f65dfd2d1aa9217f7ad04c787ba44f35'
2025-12-07T11:11:19.942725+05:00 ubu24-tst kernel: ima: Allocated hash algorithm: sha256
2025-12-07T11:11:19.942727+05:00 ubu24-tst kernel: ima: No architecture policies found
2025-12-07T11:11:19.942728+05:00 ubu24-tst kernel: evm: Initialising EVM extended attributes:
2025-12-07T11:11:19.942729+05:00 ubu24-tst kernel: evm: security.selinux
2025-12-07T11:11:19.942730+05:00 ubu24-tst kernel: evm: security.SMACK64
2025-12-07T11:11:19.942756+05:00 ubu24-tst kernel: evm: security.SMACK64EXEC
2025-12-07T11:11:19.942760+05:00 ubu24-tst kernel: evm: security.SMACK64TRANSMUTE
2025-12-07T11:11:19.942761+05:00 ubu24-tst kernel: evm: security.SMACK64MMAP
2025-12-07T11:11:19.942764+05:00 ubu24-tst kernel: evm: security.apparmor
2025-12-07T11:11:19.942766+05:00 ubu24-tst kernel: evm: security.ima
2025-12-07T11:11:19.942769+05:00 ubu24-tst kernel: evm: security.capability
2025-12-07T11:11:19.943004+05:00 ubu24-tst kernel: evm: HMAC attrs: 0x1
2025-12-07T11:11:19.943010+05:00 ubu24-tst kernel: PM:   Magic number: 5:812:164
2025-12-07T11:11:19.943011+05:00 ubu24-tst kernel: RAS: Correctable Errors collector initialized.
2025-12-07T11:11:19.943012+05:00 ubu24-tst kernel: clk: Disabling unused clocks
2025-12-07T11:11:19.943012+05:00 ubu24-tst kernel: PM: genpd: Disabling unused power domains
2025-12-07T11:11:19.943013+05:00 ubu24-tst kernel: Freeing unused decrypted memory: 2028K
2025-12-07T11:11:19.943025+05:00 ubu24-tst kernel: Freeing unused kernel image (initmem) memory: 5140K
2025-12-07T11:11:19.943027+05:00 ubu24-tst kernel: Write protecting the kernel read-only data: 38912k
2025-12-07T11:11:19.943028+05:00 ubu24-tst kernel: Freeing unused kernel image (text/rodata gap) memory: 1052K
2025-12-07T11:11:19.943029+05:00 ubu24-tst kernel: Freeing unused kernel image (rodata/data gap) memory: 1312K
2025-12-07T11:11:19.943030+05:00 ubu24-tst kernel: x86/mm: Checked W+X mappings: passed, no W+X pages found.
2025-12-07T11:11:19.943031+05:00 ubu24-tst kernel: x86/mm: Checking user space page tables
2025-12-07T11:11:19.943032+05:00 ubu24-tst kernel: x86/mm: Checked W+X mappings: passed, no W+X pages found.
2025-12-07T11:11:19.943043+05:00 ubu24-tst kernel: Run /init as init process
2025-12-07T11:11:19.943044+05:00 ubu24-tst kernel:   with arguments:
2025-12-07T11:11:19.943045+05:00 ubu24-tst kernel:     /init
2025-12-07T11:11:19.943045+05:00 ubu24-tst kernel:     splash
2025-12-07T11:11:19.943046+05:00 ubu24-tst kernel:   with environment:
2025-12-07T11:11:19.943046+05:00 ubu24-tst kernel:     HOME=/
2025-12-07T11:11:19.943053+05:00 ubu24-tst kernel:     TERM=linux
2025-12-07T11:11:19.943054+05:00 ubu24-tst kernel:     BOOT_IMAGE=/boot/vmlinuz-6.14.0-36-generic
2025-12-07T11:11:19.943054+05:00 ubu24-tst kernel: usb 1-1: new full-speed USB device number 2 using ohci-pci
2025-12-07T11:11:19.943055+05:00 ubu24-tst kernel: ACPI: video: Video Device [GFX0] (multi-head: yes  rom: no  post: no)
2025-12-07T11:11:19.943055+05:00 ubu24-tst kernel: input: Video Bus as /devices/LNXSYSTM:00/LNXSYBUS:00/PNP0A03:00/LNXVIDEO:00/input/input4
2025-12-07T11:11:19.943056+05:00 ubu24-tst kernel: ahci 0000:00:0d.0: version 3.0
2025-12-07T11:11:19.943056+05:00 ubu24-tst kernel: ahci 0000:00:0d.0: SSS flag set, parallel bus scan disabled
2025-12-07T11:11:19.943062+05:00 ubu24-tst kernel: ahci 0000:00:0d.0: AHCI vers 0001.0100, 32 command slots, 3 Gbps, SATA mode
2025-12-07T11:11:19.943063+05:00 ubu24-tst kernel: ahci 0000:00:0d.0: 3/3 ports implemented (port mask 0x7)
2025-12-07T11:11:19.943064+05:00 ubu24-tst kernel: ahci 0000:00:0d.0: flags: 64bit ncq stag only ccc 
2025-12-07T11:11:19.943064+05:00 ubu24-tst kernel: scsi host2: ahci
2025-12-07T11:11:19.943064+05:00 ubu24-tst kernel: scsi host3: ahci
2025-12-07T11:11:19.943065+05:00 ubu24-tst kernel: scsi host4: ahci
2025-12-07T11:11:19.943071+05:00 ubu24-tst kernel: ata3: SATA max UDMA/133 abar m8192@0xc1624000 port 0xc1624100 irq 21 lpm-pol 0
2025-12-07T11:11:19.943072+05:00 ubu24-tst kernel: ata4: SATA max UDMA/133 abar m8192@0xc1624000 port 0xc1624180 irq 21 lpm-pol 0
2025-12-07T11:11:19.943072+05:00 ubu24-tst kernel: ata5: SATA max UDMA/133 abar m8192@0xc1624000 port 0xc1624200 irq 21 lpm-pol 0
2025-12-07T11:11:19.943073+05:00 ubu24-tst kernel: e1000: Intel(R) PRO/1000 Network Driver
2025-12-07T11:11:19.943073+05:00 ubu24-tst kernel: e1000: Copyright (c) 1999-2006 Intel Corporation.
2025-12-07T11:11:19.943074+05:00 ubu24-tst kernel: input: ImExPS/2 Generic Explorer Mouse as /devices/platform/i8042/serio1/input/input5
2025-12-07T11:11:19.943079+05:00 ubu24-tst kernel: usb 1-1: New USB device found, idVendor=80ee, idProduct=0021, bcdDevice= 1.00
2025-12-07T11:11:19.943081+05:00 ubu24-tst kernel: usb 1-1: New USB device strings: Mfr=1, Product=3, SerialNumber=0
2025-12-07T11:11:19.943081+05:00 ubu24-tst kernel: usb 1-1: Product: USB Tablet
2025-12-07T11:11:19.943081+05:00 ubu24-tst kernel: usb 1-1: Manufacturer: VirtualBox
2025-12-07T11:11:19.943082+05:00 ubu24-tst kernel: hid: raw HID events driver (C) Jiri Kosina
2025-12-07T11:11:19.943082+05:00 ubu24-tst kernel: ata3: SATA link up 3.0 Gbps (SStatus 123 SControl 300)
2025-12-07T11:11:19.943083+05:00 ubu24-tst kernel: ata3.00: ATA-6: VBOX HARDDISK, 1.0, max UDMA/133
2025-12-07T11:11:19.943088+05:00 ubu24-tst kernel: ata3.00: 83886080 sectors, multi 128: LBA48 NCQ (depth 32)
2025-12-07T11:11:19.943090+05:00 ubu24-tst kernel: ata3.00: configured for UDMA/133
2025-12-07T11:11:19.943090+05:00 ubu24-tst kernel: scsi 2:0:0:0: Direct-Access     ATA      VBOX HARDDISK    1.0  PQ: 0 ANSI: 5
2025-12-07T11:11:19.943091+05:00 ubu24-tst kernel: sd 2:0:0:0: Attached scsi generic sg1 type 0
2025-12-07T11:11:19.943091+05:00 ubu24-tst kernel: sd 2:0:0:0: [sda] 83886080 512-byte logical blocks: (42.9 GB/40.0 GiB)
2025-12-07T11:11:19.943091+05:00 ubu24-tst kernel: sd 2:0:0:0: [sda] Write Protect is off
2025-12-07T11:11:19.943097+05:00 ubu24-tst kernel: sd 2:0:0:0: [sda] Mode Sense: 00 3a 00 00
2025-12-07T11:11:19.943098+05:00 ubu24-tst kernel: sd 2:0:0:0: [sda] Write cache: enabled, read cache: enabled, doesn't support DPO or FUA
2025-12-07T11:11:19.943099+05:00 ubu24-tst kernel: sd 2:0:0:0: [sda] Preferred minimum I/O size 512 bytes
2025-12-07T11:11:19.943099+05:00 ubu24-tst kernel:  sda: sda1 sda2
2025-12-07T11:11:19.943100+05:00 ubu24-tst kernel: sd 2:0:0:0: [sda] Attached SCSI disk
2025-12-07T11:11:19.943100+05:00 ubu24-tst kernel: e1000 0000:00:03.0 eth0: (PCI:33MHz:32-bit) 08:00:27:9c:a2:de
2025-12-07T11:11:19.943100+05:00 ubu24-tst kernel: e1000 0000:00:03.0 eth0: Intel(R) PRO/1000 Network Connection
2025-12-07T11:11:19.943106+05:00 ubu24-tst kernel: ata4: SATA link up 3.0 Gbps (SStatus 123 SControl 300)
2025-12-07T11:11:19.943107+05:00 ubu24-tst kernel: ata4.00: ATA-6: VBOX HARDDISK, 1.0, max UDMA/133
2025-12-07T11:11:19.943108+05:00 ubu24-tst kernel: ata4.00: 10485760 sectors, multi 128: LBA48 NCQ (depth 32)
2025-12-07T11:11:19.943108+05:00 ubu24-tst kernel: ata4.00: configured for UDMA/133
2025-12-07T11:11:19.943109+05:00 ubu24-tst kernel: scsi 3:0:0:0: Direct-Access     ATA      VBOX HARDDISK    1.0  PQ: 0 ANSI: 5
2025-12-07T11:11:19.943109+05:00 ubu24-tst kernel: sd 3:0:0:0: [sdb] 10485760 512-byte logical blocks: (5.37 GB/5.00 GiB)
2025-12-07T11:11:19.943115+05:00 ubu24-tst kernel: sd 3:0:0:0: [sdb] Write Protect is off
2025-12-07T11:11:19.943116+05:00 ubu24-tst kernel: sd 3:0:0:0: [sdb] Mode Sense: 00 3a 00 00
2025-12-07T11:11:19.943116+05:00 ubu24-tst kernel: sd 3:0:0:0: [sdb] Write cache: enabled, read cache: enabled, doesn't support DPO or FUA
2025-12-07T11:11:19.943117+05:00 ubu24-tst kernel: sd 3:0:0:0: [sdb] Preferred minimum I/O size 512 bytes
2025-12-07T11:11:19.943117+05:00 ubu24-tst kernel: sd 3:0:0:0: Attached scsi generic sg2 type 0
2025-12-07T11:11:19.943118+05:00 ubu24-tst kernel:  sdb: sdb1
2025-12-07T11:11:19.943123+05:00 ubu24-tst kernel: sd 3:0:0:0: [sdb] Attached SCSI disk
2025-12-07T11:11:19.943125+05:00 ubu24-tst kernel: ata5: SATA link down (SStatus 0 SControl 300)
2025-12-07T11:11:19.943125+05:00 ubu24-tst kernel: e1000 0000:00:03.0 enp0s3: renamed from eth0
2025-12-07T11:11:19.943126+05:00 ubu24-tst kernel: usbcore: registered new interface driver usbhid
2025-12-07T11:11:19.943126+05:00 ubu24-tst kernel: usbhid: USB HID core driver
2025-12-07T11:11:19.943126+05:00 ubu24-tst kernel: input: VirtualBox USB Tablet as /devices/pci0000:00/0000:00:06.0/usb1/1-1/1-1:1.0/0003:80EE:0021.0001/input/input6
2025-12-07T11:11:19.943127+05:00 ubu24-tst kernel: hid-generic 0003:80EE:0021.0001: input,hidraw0: USB HID v1.10 Mouse [VirtualBox USB Tablet] on usb-0000:00:06.0-1/input0
2025-12-07T11:11:19.943133+05:00 ubu24-tst kernel: EXT4-fs (sda2): mounted filesystem f8d4db51-6a0e-4c25-8eea-1b5d8868647c ro with ordered data mode. Quota mode: none.
2025-12-07T11:11:19.943134+05:00 ubu24-tst kernel: systemd[1]: Inserted module 'autofs4'
2025-12-07T11:11:19.943135+05:00 ubu24-tst kernel: systemd[1]: systemd 255.4-1ubuntu8.11 running in system mode (+PAM +AUDIT +SELINUX +APPARMOR +IMA +SMACK +SECCOMP +GCRYPT -GNUTLS +OPENSSL +ACL +BLKID +CURL +ELFUTILS +FIDO2 +IDN2 -IDN +IPTC +KMOD +LIBCRYPTSETUP +LIBFDISK +PCRE2 -PWQUALITY +P11KIT +QRENCODE +TPM2 +BZIP2 +LZ4 +XZ +ZLIB +ZSTD -BPF_FRAMEWORK -XKBCOMMON +UTMP +SYSVINIT default-hierarchy=unified)
2025-12-07T11:11:19.943136+05:00 ubu24-tst kernel: systemd[1]: Detected virtualization oracle.
2025-12-07T11:11:19.943136+05:00 ubu24-tst kernel: systemd[1]: Detected architecture x86-64.
2025-12-07T11:11:19.943143+05:00 ubu24-tst kernel: systemd[1]: Hostname set to <ubu24-tst>.
2025-12-07T11:11:19.943145+05:00 ubu24-tst kernel: systemd[1]: Queued start job for default target graphical.target.
2025-12-07T11:11:19.943146+05:00 ubu24-tst kernel: systemd[1]: Created slice system-modprobe.slice - Slice /system/modprobe.
2025-12-07T11:11:19.943147+05:00 ubu24-tst kernel: systemd[1]: Created slice system-systemd\x2dfsck.slice - Slice /system/systemd-fsck.
2025-12-07T11:11:19.943147+05:00 ubu24-tst kernel: systemd[1]: Created slice user.slice - User and Session Slice.
2025-12-07T11:11:19.943148+05:00 ubu24-tst kernel: systemd[1]: Started systemd-ask-password-wall.path - Forward Password Requests to Wall Directory Watch.
2025-12-07T11:11:19.943159+05:00 ubu24-tst kernel: systemd[1]: Set up automount proc-sys-fs-binfmt_misc.automount - Arbitrary Executable File Formats File System Automount Point.
2025-12-07T11:11:19.943161+05:00 ubu24-tst kernel: systemd[1]: Expecting device dev-disk-by\x2duuid-D3A4\x2dCE7D.device - /dev/disk/by-uuid/D3A4-CE7D...
2025-12-07T11:11:19.943162+05:00 ubu24-tst kernel: systemd[1]: Reached target integritysetup.target - Local Integrity Protected Volumes.
2025-12-07T11:11:19.943163+05:00 ubu24-tst kernel: systemd[1]: Reached target remote-fs.target - Remote File Systems.
2025-12-07T11:11:19.943164+05:00 ubu24-tst kernel: systemd[1]: Reached target slices.target - Slice Units.
2025-12-07T11:11:19.943165+05:00 ubu24-tst kernel: systemd[1]: Reached target snapd.mounts-pre.target - Mounting snaps.
2025-12-07T11:11:19.943175+05:00 ubu24-tst kernel: systemd[1]: Reached target time-set.target - System Time Set.
2025-12-07T11:11:19.943177+05:00 ubu24-tst kernel: systemd[1]: Reached target veritysetup.target - Local Verity Protected Volumes.
2025-12-07T11:11:19.943178+05:00 ubu24-tst kernel: systemd[1]: Listening on dm-event.socket - Device-mapper event daemon FIFOs.
2025-12-07T11:11:19.943180+05:00 ubu24-tst kernel: systemd[1]: Listening on lvm2-lvmpolld.socket - LVM2 poll daemon socket.
2025-12-07T11:11:19.943181+05:00 ubu24-tst kernel: systemd[1]: Listening on syslog.socket - Syslog Socket.
2025-12-07T11:11:19.943182+05:00 ubu24-tst kernel: systemd[1]: Listening on systemd-fsckd.socket - fsck to fsckd communication Socket.
2025-12-07T11:11:19.943182+05:00 ubu24-tst kernel: systemd[1]: Listening on systemd-initctl.socket - initctl Compatibility Named Pipe.
2025-12-07T11:11:19.945668+05:00 ubu24-tst systemd[1]: systemd-journal-catalog-update.service - Rebuild Journal Catalog was skipped because of an unmet condition check (ConditionNeedsUpdate=/var).
2025-12-07T11:11:19.955077+05:00 ubu24-tst systemd[1]: systemd-pcrmachine.service - TPM2 PCR Machine ID Measurement was skipped because of an unmet condition check (ConditionSecurity=measured-uki).
2025-12-07T11:11:19.955098+05:00 ubu24-tst systemd[1]: systemd-sysusers.service - Create System Users was skipped because no trigger condition checks were met.
2025-12-07T11:11:19.955104+05:00 ubu24-tst systemd[1]: systemd-firstboot.service - First Boot Wizard was skipped because of an unmet condition check (ConditionFirstBoot=yes).
2025-12-07T11:11:19.955110+05:00 ubu24-tst systemd[1]: first-boot-complete.target - First Boot Complete was skipped because of an unmet condition check (ConditionFirstBoot=yes).
2025-12-07T11:11:19.955116+05:00 ubu24-tst systemd[1]: systemd-machine-id-commit.service - Commit a transient machine-id on disk was skipped because of an unmet condition check (ConditionPathIsMountPoint=/etc/machine-id).
2025-12-07T11:11:19.955123+05:00 ubu24-tst systemd[1]: Starting systemd-timesyncd.service - Network Time Synchronization...
2025-12-07T11:11:19.955128+05:00 ubu24-tst systemd[1]: systemd-tpm2-setup-early.service - TPM2 SRK Setup (Early) was skipped because of an unmet condition check (ConditionSecurity=measured-uki).
2025-12-07T11:11:19.955134+05:00 ubu24-tst systemd[1]: systemd-tpm2-setup.service - TPM2 SRK Setup was skipped because of an unmet condition check (ConditionSecurity=measured-uki).
2025-12-07T11:11:19.955139+05:00 ubu24-tst systemd-resolved[599]: Using system hostname 'ubu24-tst'.
2025-12-07T11:11:19.955144+05:00 ubu24-tst systemd[1]: systemd-update-done.service - Update is Completed was skipped because no trigger condition checks were met.
2025-12-07T11:11:19.955150+05:00 ubu24-tst systemd[1]: modprobe@dm_mod.service: Deactivated successfully.
2025-12-07T11:11:19.955155+05:00 ubu24-tst systemd[1]: Finished modprobe@dm_mod.service - Load Kernel Module dm_mod.
2025-12-07T11:11:19.955161+05:00 ubu24-tst systemd[1]: Started systemd-resolved.service - Network Name Resolution.
2025-12-07T11:11:19.955166+05:00 ubu24-tst systemd[1]: modprobe@efi_pstore.service: Deactivated successfully.
2025-12-07T11:11:19.955171+05:00 ubu24-tst systemd[1]: Finished modprobe@efi_pstore.service - Load Kernel Module efi_pstore.
2025-12-07T11:11:19.955176+05:00 ubu24-tst systemd[1]: modprobe@loop.service: Deactivated successfully.
2025-12-07T11:11:19.955181+05:00 ubu24-tst systemd[1]: Finished modprobe@loop.service - Load Kernel Module loop.
2025-12-07T11:11:19.955186+05:00 ubu24-tst systemd[1]: Reached target nss-lookup.target - Host and Network Name Lookups.
2025-12-07T11:11:19.955192+05:00 ubu24-tst systemd[1]: systemd-pstore.service - Platform Persistent Storage Archival was skipped because of an unmet condition check (ConditionDirectoryNotEmpty=/sys/fs/pstore).
2025-12-07T11:11:19.955197+05:00 ubu24-tst systemd[1]: systemd-repart.service - Repartition Root Disk was skipped because no trigger condition checks were met.
2025-12-07T11:11:19.955203+05:00 ubu24-tst apparmor.systemd[759]: Warning: found usr.sbin.sssd in /etc/apparmor.d/force-complain, forcing complain mode
2025-12-07T11:11:19.955210+05:00 ubu24-tst systemd[1]: Started systemd-timesyncd.service - Network Time Synchronization.
2025-12-07T11:11:19.955216+05:00 ubu24-tst apparmor.systemd[759]: Warning from /etc/apparmor.d (/etc/apparmor.d/usr.sbin.sssd line 69): Caching disabled for: 'usr.sbin.sssd' due to force complain
2025-12-07T11:11:19.955223+05:00 ubu24-tst systemd[1]: Finished apparmor.service - Load AppArmor profiles.
2025-12-07T11:11:19.955228+05:00 ubu24-tst systemd[1]: Starting snapd.apparmor.service - Load AppArmor profiles managed internally by snapd...
2025-12-07T11:11:19.955262+05:00 ubu24-tst snapd-apparmor[798]: main.go:146: Loading profiles [/var/lib/snapd/apparmor/profiles/snap-confine.snapd.25202 /var/lib/snapd/apparmor/profiles/snap-confine.snapd.25577 /var/lib/snapd/apparmor/profiles/snap-update-ns.firefox /var/lib/snapd/apparmor/profiles/snap-update-ns.firmware-updater /var/lib/snapd/apparmor/profiles/snap-update-ns.snap-store /var/lib/snapd/apparmor/profiles/snap-update-ns.snapd-desktop-integration /var/lib/snapd/apparmor/profiles/snap.firefox.firefox /var/lib/snapd/apparmor/profiles/snap.firefox.geckodriver /var/lib/snapd/apparmor/profiles/snap.firefox.hook.configure /var/lib/snapd/apparmor/profiles/snap.firefox.hook.disconnect-plug-host-hunspell /var/lib/snapd/apparmor/profiles/snap.firefox.hook.install /var/lib/snapd/apparmor/profiles/snap.firefox.hook.post-refresh /var/lib/snapd/apparmor/profiles/snap.firmware-updater.firmware-notifier /var/lib/snapd/apparmor/profiles/snap.firmware-updater.firmware-updater /var/lib/snapd/apparmor/profiles/snap.firmware-updater.firmware-updater-app /var/lib/snapd/apparmor/profiles/snap.firmware-updater.hook.configure /var/lib/snapd/apparmor/profiles/snap.snap-store.hook.configure /var/lib/snapd/apparmor/profiles/snap.snap-store.show-updates /var/lib/snapd/apparmor/profiles/snap.snap-store.snap-store /var/lib/snapd/apparmor/profiles/snap.snapd-desktop-integration.hook.configure /var/lib/snapd/apparmor/profiles/snap.snapd-desktop-integration.snapd-desktop-integration]
